=== M2 D3D11(DDA) -> Vulkan interop build+run log ===
started 19.09.2026 17:47:49,62 
args: outdir=out wiggle=1 
cmake version 4.4.3

CMake suite maintained and supported by Kitware (kitware.com/cmake).
Glslang Version: 11:16.4.0
ESSL Version: OpenGL ES GLSL 3.20 glslang Khronos. 16.4.0
GLSL Version: 4.60 glslang Khronos. 16.4.0
SPIR-V Version 0x00010600, Revision 1
GLSL.std.450 Version 100, Revision 1
Khronos Tool ID 8
SPIR-V Generator Version 11
GL_KHR_vulkan_glsl version 100
ARB_GL_gl_spirv version 100
>> cmake configure 
-- Selecting Windows SDK version 10.0.19041.0 to target Windows 10.0.22631.
-- Configuring done (0.0s)
-- Generating done (0.2s)
-- Build files have been written to: C:/Users/AI/Desktop/DLSS5_INTEL/dlss5/m2-dxgi-vulkan-passthrough/build
>> cmake build 
Microsoft (R) Build Engine version 16.11.6+a918ceb31 for .NET Framework
Copyright (C) Microsoft Corporation. All rights reserved.

C:\Program Files (x86)\Microsoft Visual Studio\2019\BuildTools\MSBuild\Microsoft\VC\v160\Microsoft.CppBuild.targets(499,5): warning MSB8004: Output Directory does not end with a trailing slash.  This build instance will add the slash as it is required to allow proper evaluation of the Output Directory. [C:\Users\AI\Desktop\DLSS5_INTEL\dlss5\m2-dxgi-vulkan-passthrough\build\ZERO_CHECK.vcxproj]
C:\Program Files (x86)\Microsoft Visual Studio\2019\BuildTools\MSBuild\Microsoft\VC\v160\Microsoft.CppBuild.targets(499,5): warning MSB8004: Output Directory does not end with a trailing slash.  This build instance will add the slash as it is required to allow proper evaluation of the Output Directory. [C:\Users\AI\Desktop\DLSS5_INTEL\dlss5\m2-dxgi-vulkan-passthrough\build\m2_shader.vcxproj]
  m2interop.vcxproj -> C:\Users\AI\Desktop\DLSS5_INTEL\dlss5\m2-dxgi-vulkan-passthrough\build\Release\m2interop.exe
C:\Program Files (x86)\Microsoft Visual Studio\2019\BuildTools\MSBuild\Microsoft\VC\v160\Microsoft.CppBuild.targets(499,5): warning MSB8004: Output Directory does not end with a trailing slash.  This build instance will add the slash as it is required to allow proper evaluation of the Output Directory. [C:\Users\AI\Desktop\DLSS5_INTEL\dlss5\m2-dxgi-vulkan-passthrough\build\ALL_BUILD.vcxproj]
>> run interop 
=== M2: D3D11(DDA) -> Vulkan external-memory interop ===
frame target: 2560x1440 B8G8R8A8, transform: INVERT rgb

[D3D11] hardware device created, feature level 0xb100
[D3D11] adapter="Intel(R) Arc(TM) Pro B50 Graphics" vendor=0x8086 (hardware) DXGI LUID=00000000:000095a2 VRAM=16206 MB
[D3D11] output[0]: "\\.\DISPLAY5" attached=1
[DDA] DuplicateOutput active: 2560x1440 format=87 (87=B8G8R8A8) rotation=1
[sync] D3D11.5 fence: available (NT handle)
[info] cursor-wiggle activity generator ON (DDA is dirty-rect driven)
[DDA] acquired fresh frame on try 1 (accumulated=1)
[interop] shared texture NT handle: 00000000000002FC
[VK] device "Intel(R) Arc(TM) Pro B50 Graphics" LUID=00000000:000095a2   <== MATCHES DXGI adapter
[VK] device "Intel(R) Arc(TM) Pro B50 Graphics" LUID=00000000:000116cc 
[interop] LUID MATCH: DXGI 00000000:000095a2 == Vulkan 00000000:000095a2 (device "Intel(R) Arc(TM) Pro B50 Graphics")
[cap] D3D11_IMAGE import for B8G8R8A8/OPTIMAL/STORAGE|TRANSFER_SRC: query=OK importable=1
[cap] D3D11_FENCE semaphore import: importable=1
[VK] logical device up: VK_KHR_external_memory_win32 + compute queue family 0
[interop] image memory: size=15728640 requiresDedicated=1 preferDedicated=1 -> using dedicated alloc
[interop] imported D3D11 image: memory bound (15728640 bytes)
[sync] Vulkan timeline wait on imported D3D11 fence: SIGNALED (CopyResource complete on GPU)
[out] out\m2_original.bmp
[out] out\m2_inverted.bmp

=== M2 verify ===
inverted == 255-original: B=100.0000% G=100.0000% R=100.0000% (must be 100)
alpha preserved (not part of pass criteria): 100.0000%

=== M2 timing (ms) ===
acquire->D3D11 ready (incl. wiggle + copy + signal/flush): 22.598
import (vk image+mem+bind, semaphore import+wait):            102.254
pipeline setup + dispatch + copyback (record+submit+wait):    12.480
verify:                                                       233.302
TOTAL:                                                        512.827

=== M2 result: PASS ===
m2interop exit code: 0 
 
=== final exit code: 0 (ended 19.09.2026 17:47:52,99) === 
