 
=== M8B-LIVE run: m8blive.exe --frames 60 --novideo 
started 20.09.2026 14:46:54,67 
 
=== M8B-LIVE run: m8blive.exe --frames 200 
started 20.09.2026 15:31:36,26 
=== M8B-LIVE: REAL DLSS 5 graph (71 blocks) live on the desktop, Intel Arc Pro B50 ===
transport: m4-present-simple (CPU bridge) | core: m8-full-chain @03900ab (288 tokens, ~47 ms)
frame target: 2560x1440 B8G8R8A8, frames=200, wiggle=1, video=1

[D3D11] hardware device created, feature level 0xb100
[DDA] DuplicateOutput active: 2560x1440 format=87 rotation=1 origin=(0,0)
[info] cursor-wiggle activity generator ON for initial acquire (DDA is dirty-rect driven)
[DDA] initial content frame on try 1 (acquired#1, skippedBlack=0)
[cap] native sample mean=179.70 (0 => capture black)
[VK] device "Intel(R) Arc(TM) Pro B50 Graphics" LUID=00000000:000095a2   <== MATCHES DXGI adapter
[VK] device "Intel(R) Arc(TM) Pro B50 Graphics" LUID=00000000:000116cc 
[VK] coopmat 8x16x16 f16xf16->f32: OK
[win] overlay created: 2560x1440 at (0,0), WS_POPUP | TOPMOST | TRANSPARENT | LAYERED
[VK] logical device up (compute+graphics family 0, swapchain + coopmat)
[present] format=44 images=3 mode=FIFO path=blit.comp STORAGE direct
[bridge] upload buffer 14745600 bytes persistently mapped (CPU bridge; zero-copy deferred to M5)
[VK] 7 transport pipelines up (+ blit); standin REMOVED
[geometry] network extent PINNED at 12x24 = 288 tokens (m8 chain grid)
loading DLSSNR graph... (weights + chain setup; ~1-2 s, not a hang)
safetensors: 649 tensors, data base 64976
pack: 649 tensors (278.03 MiB)
pack offsets cross-checked vs docs/pack-layout.txt: OK
arena: 46.91 MB scratch after weights; one device buffer, total 324.9 MB
weight upload: 324.9 MB in 253.5 ms (1.25 GB/s incl. preprocessing)
[chain] weights resident, setup 1844 ms
[chain] 12 pipelines up (10 kernels + featpack/headpack), BDA base 0xffffb8078e340000
[stage] frame0 upload+decode+letterbox: 11.785 ms
[letterbox] region rows [0,1440) cols [0,2560) of 2560x1440 (host decision FIXED for the loop)
[geometry] region 2560x1440 -> network extent 12x24 (chain 288-token grid)
[mem] intermediates device-local; readback host-coherent; blit sets 3
[m8b] entering live loop (200 frames)
[m8b] frame 0 | rolling 0.0 fps | dropped 0 | fresh
[dbg] featV   n=4608 min=-5.25781 max=1 mean=-0.00311482 nonzero=87.5%
[dbg] HEAD    n=4608 min=-4.94554 max=58.345 mean=1.1032 nonzero=25.0%
[dbg] head4   n=1152 min=-4.94554 max=58.345 mean=4.41281 nonzero=100.0%
[dbg] x16     n=4608 min=0x0000 max=0xc542 nonzero=87.5%
[dbg] ADA     n=9216 min=-4.35809 max=5.12907 mean=0.177491 nonzero=100.0%
[dbg] MRG70   n=9216 min=-115.368 max=118.158 mean=-6.09785 nonzero=100.0%
[dbg] G2      n=9216 min=-9.28614e+18 max=9.28614e+18 mean=-3.65866e+17 nonzero=100.0%
[dbg] headW   n=512 min=0x0000 max=0xab44 nonzero=25.0%
[dbg] B4DS    n=18432 min=-448 max=448 mean=9.55472 nonzero=100.0% nan/inf=0 | first8: -5.5 9 30 -3.75 1.875 -16 -18 -0.4688
[dbg] B22DS   n=147456 min=-448 max=448 mean=1.63769 nonzero=100.0% nan/inf=0 | first8: -64 48 40 160 40 36 80 -160
[dbg] B38     n=294912 min=-448 max=448 mean=2.66555 nonzero=100.0% nan/inf=0 | first8: -176 -120 80 -80 176 -320 256 -176
[dbg] B48     n=73728 min=-448 max=448 mean=-25.4441 nonzero=100.0% nan/inf=0 | first8: 112 -192 320 160 176 288 320 -128
[dbg] B69     n=9216 min=-448 max=448 mean=-33.0175 nonzero=100.0% nan/inf=0 | first8: 18 88 -96 44 -4.5 -60 52 2.5
[dbg] sinT    n=32 min=-0.341064 max=0.736816 mean=0.281882 nonzero=100.0%
[dbg] cosT    n=32 min=-0.983887 max=1 mean=0.575806 nonzero=100.0%
[dbg] FRS     n=9216 min=-72 max=64 mean=0.503638 nonzero=100.0% nan/inf=0 | first8: -1.125 0.2188 0.2812 0.375 0.25 1.125 -0.75 -0.5625
[dbg] headUp  n=14745600 min=-4.03771 max=43.2754 mean=2.29241 nonzero=56.2%
[metrics] frame 10 region 2560x1440: mean|final-native| B=12.25764 G=16.32668 R=17.72835 (must be > 0)
[metrics] structure: mean |grad(delta)| B=0.71941 G=0.93862 R=1.45222 (> 0); changed 39.89% => PASS
[metrics] frame 30 region 2560x1440: mean|final-native| B=9.10429 G=14.64748 R=12.62350 (must be > 0)
[metrics] structure: mean |grad(delta)| B=0.63955 G=0.86996 R=1.24706 (> 0); changed 30.46% => PASS
[metrics] frame 60 region 2560x1440: mean|final-native| B=8.38856 G=12.99280 R=11.71571 (must be > 0)
[metrics] structure: mean |grad(delta)| B=0.69566 G=0.75581 R=1.18427 (> 0); changed 27.47% => PASS
[m8b] frame 60 | rolling 12.2 fps | dropped 0 | fresh
[m8b] frame 120 | rolling 13.8 fps | dropped 0 | fresh
[m8b] frame 180 | rolling 12.6 fps | dropped 0 | fresh
[m8b] frame 199 | rolling 12.6 fps | dropped 0 | fresh

=== M8B-LIVE summary ===
frames: 200, wall: 15.65 s, avg fps: 12.78, last rolling fps: 12.6
dropped (DDA timeout/black/access-lost): 0
present: FIFO, format 44, path blit.comp STORAGE
chain: full 71-block DLSSNR graph @ 288 tokens (real weights, resident)
verify frames {10,30,60}: ALL PASS
=== M8B-LIVE result: PASS ===
exit code: 0 (ended 20.09.2026 15:31:56,61) 
 
=== M8B-LIVE run: m8blive.exe --frames 12 --novideo 
started 20.09.2026 16:37:15,16 
=== M8B-LIVE: REAL DLSS 5 graph (71 blocks) live on the desktop, Intel Arc Pro B50 ===
transport: m4-present-simple (CPU bridge) | core: m8-full-chain @03900ab (288 tokens, ~47 ms)
frame target: 2560x1440 B8G8R8A8, frames=12 (processed), wiggle-idle=0s, video=0

[D3D11] hardware device created, feature level 0xb100
[DDA] DuplicateOutput active: 2560x1440 format=87 rotation=1 origin=(0,0)
[DDA] initial content frame on try 1 (acquired#1, skippedBlack=0)
[cap] native sample mean=164.37 (0 => capture black)
[VK] device "Intel(R) Arc(TM) Pro B50 Graphics" LUID=00000000:000095a2   <== MATCHES DXGI adapter
[VK] device "Intel(R) Arc(TM) Pro B50 Graphics" LUID=00000000:000116cc 
[VK] coopmat 8x16x16 f16xf16->f32: OK
[VK] logical device up (compute+graphics family 0, swapchain + coopmat)
[bridge] upload buffer 14745600 bytes persistently mapped (CPU bridge; zero-copy deferred to M5)
[VK] 7 transport pipelines up (+ blit); standin REMOVED
[geometry] network extent PINNED at 12x24 = 288 tokens (m8 chain grid)
loading DLSSNR graph... (weights + chain setup; ~1-2 s, not a hang)
safetensors: 649 tensors, data base 64976
pack: 649 tensors (278.03 MiB)
pack offsets cross-checked vs docs/pack-layout.txt: OK
arena: 46.91 MB scratch after weights; one device buffer, total 324.9 MB
weight upload: 324.9 MB in 268.1 ms (1.18 GB/s incl. preprocessing)
[chain] weights resident, setup 3123 ms
[chain] 12 pipelines up (10 kernels + featpack/headpack), BDA base 0xffffb807889d0000
[stage] frame0 upload+decode+letterbox: 16.425 ms
[letterbox] region rows [0,1440) cols [0,2560) of 2560x1440 (host decision FIXED for the loop)
[geometry] region 2560x1440 -> network extent 12x24 (chain 288-token grid)
[mem] intermediates device-local; readback host-coherent; blit sets 0
[m8b] entering live loop (12 frames, event-driven; --frames counts PROCESSED frames)
[m8b] frame 0 | rolling 0.0 fps | dropped 0 | fresh
[dbg] featV   n=4608 min=-1 max=1 mean=0.0497814 nonzero=87.5%
[dbg] HEAD    n=4608 min=-35.1496 max=1.55421 mean=-0.989739 nonzero=25.0%
[dbg] head4   n=1152 min=-4.46778 max=2.86939 mean=-1.59758e-07 nonzero=100.0%
[dbg] head4 ch0: mean=0.0000 std=0.1846 (DC-removed delta 0.25xstd=0.0462)
[dbg] head4 ch1: mean=-0.0000 std=0.2078 (DC-removed delta 0.25xstd=0.0520)
[dbg] head4 ch2: mean=0.0000 std=0.1634 (DC-removed delta 0.25xstd=0.0409)
[dbg] head4 ch3: mean=-0.0000 std=1.8977 (DC-removed delta 0.25xstd=0.4744)
[dbg] x16     n=4608 min=0x0000 max=0xbc00 nonzero=87.5%
[dbg] ADA     n=9216 min=-0.977781 max=0.919197 mean=-0.0281677 nonzero=100.0%
[dbg] MRG70   n=9216 min=-116.535 max=132.293 mean=-3.88769 nonzero=100.0%
[dbg] G2      n=9216 min=-9.28614e+18 max=9.28586e+18 mean=-1.6425e+17 nonzero=100.0%
[dbg] headW   n=512 min=0x0000 max=0xab44 nonzero=25.0%
[dbg] B4DS    n=18432 min=-144 max=176 mean=0.174154 nonzero=100.0% nan/inf=0 | first8: -28 -0.4375 -2.25 7.5 0.2031 -3 40 20
[dbg] B22DS   n=147456 min=-448 max=448 mean=-0.505105 nonzero=100.0% nan/inf=0 | first8: -12 22 20 52 11 -4.5 44 -40
[dbg] B38     n=294912 min=-384 max=448 mean=1.66657 nonzero=100.0% nan/inf=0 | first8: -144 -40 36 -44 176 -176 160 -80
[dbg] B48     n=73728 min=-448 max=448 mean=-14.8209 nonzero=100.0% nan/inf=0 | first8: 56 -144 144 -128 20 15 288 -48
[dbg] B69     n=9216 min=-448 max=416 mean=-20.1934 nonzero=100.0% nan/inf=0 | first8: 0.375 44 -104 64 0.05469 -40 104 -0.8125
[dbg] sinT    n=32 min=-0.341064 max=0.736816 mean=0.281882 nonzero=100.0%
[dbg] cosT    n=32 min=-0.983887 max=1 mean=0.575806 nonzero=100.0%
[dbg] FRS     n=9216 min=-4 max=6.5 mean=-0.0826052 nonzero=99.6% nan/inf=0 | first8: -0.2344 0.07031 -0.4688 0.4062 0.04297 -0.1094 0.007812 -0.2031
[dbg] headUp  n=14745600 min=-3.5519 max=2.77831 mean=0.00623878 nonzero=100.0%
[metrics] frame 10 region 2560x1440: mean|final-native| B=7.69856 G=8.03563 R=6.66248 (must be > 0)
[metrics] structure: mean |grad(delta)| B=0.37455 G=0.44208 R=0.32551 (> 0); changed 84.65% => PASS
[m8b] frame 11 | rolling 8.3 fps | dropped 0 | fresh

=== M8B-LIVE summary ===
frames: 12, wall: 1.71 s, avg fps: 7.02, last rolling fps: 8.3
dropped (DDA timeout/black/access-lost): 0
present: FIFO, format 44, path none (--novideo)
chain: full 71-block DLSSNR graph @ 288 tokens (real weights, resident)
verify frames {10,30,60}: ALL PASS
=== M8B-LIVE result: PASS ===
exit code: 0 (ended 20.09.2026 16:37:20,74) 
 
=== M8B-LIVE run: m8blive.exe --frames 40 --novideo 
started 20.09.2026 17:01:28,18 
=== M8B-LIVE: REAL DLSS 5 graph (71 blocks) live on the desktop, Intel Arc Pro B50 ===
transport: m4-present-simple (CPU bridge) | core: m8-full-chain @03900ab (288 tokens, ~47 ms)
frame target: 2560x1440 B8G8R8A8, frames=40 (processed), wiggle-idle=0s, video=0

[D3D11] hardware device created, feature level 0xb100
[DDA] DuplicateOutput active: 2560x1440 format=87 rotation=1 origin=(0,0)
[DDA] initial content frame on try 1 (acquired#1, skippedBlack=0)
[cap] native sample mean=168.45 (0 => capture black)
[VK] device "Intel(R) Arc(TM) Pro B50 Graphics" LUID=00000000:000095a2   <== MATCHES DXGI adapter
[VK] device "Intel(R) Arc(TM) Pro B50 Graphics" LUID=00000000:000116cc 
[VK] coopmat 8x16x16 f16xf16->f32: OK
[VK] logical device up (compute+graphics family 0, swapchain + coopmat)
[bridge] upload buffer 14745600 bytes persistently mapped (CPU bridge; zero-copy deferred to M5)
[VK] 7 transport pipelines up (+ blit); standin REMOVED
[geometry] network extent PINNED at 12x24 = 288 tokens (m8 chain grid)
loading DLSSNR graph... (weights + chain setup; ~1-2 s, not a hang)
safetensors: 649 tensors, data base 64976
pack: 649 tensors (278.03 MiB)
pack offsets cross-checked vs docs/pack-layout.txt: OK
arena: 46.91 MB scratch after weights; one device buffer, total 324.9 MB
weight upload: 324.9 MB in 255.8 ms (1.24 GB/s incl. preprocessing)
[chain] weights resident, setup 1407 ms
[chain] 12 pipelines up (10 kernels + featpack/headpack), BDA base 0xffffb807889d0000
[stage] frame0 upload+decode+letterbox: 12.982 ms
[letterbox] region rows [0,1440) cols [0,2560) of 2560x1440 (host decision FIXED for the loop)
[geometry] region 2560x1440 -> network extent 12x24 (chain 288-token grid)
[mem] intermediates device-local; readback host-coherent; blit sets 0
[m8b] entering live loop (40 frames, event-driven; --frames counts PROCESSED frames)
[frame] 0 processed in 61.4 ms (acq 8.4 bridge 2.7 rec 285.3 gpu 73.8 | fe 1.2 fp 0.0 chain 58.8 hp 0.0 tail 1.4)
[m8b] frame 0 | rolling 0.0 fps | dropped 0 | fresh
[frame] 1 processed in 50.2 ms (acq 7.9 bridge 1.9 rec 1.6 gpu 67.4 | fe 0.9 fp 0.0 chain 47.9 hp 0.0 tail 1.4)
[dbg] featV   n=4608 min=-1 max=1 mean=0.0638824 nonzero=87.5%
[dbg] HEAD    n=4608 min=-23.068 max=2.04217 mean=-0.669459 nonzero=25.0%
[dbg] head4   n=1152 min=-3.18958 max=1.83246 mean=2.7932e-08 nonzero=100.0%
[dbg] head4 ch0: mean=-0.0000 std=0.1142 (DC-removed delta 0.25xstd=0.0286)
[dbg] head4 ch1: mean=0.0000 std=0.1425 (DC-removed delta 0.25xstd=0.0356)
[dbg] head4 ch2: mean=-0.0000 std=0.1106 (DC-removed delta 0.25xstd=0.0277)
[dbg] head4 ch3: mean=0.0000 std=1.3274 (DC-removed delta 0.25xstd=0.3318)
[dbg] x16     n=4608 min=0x0000 max=0xbc00 nonzero=87.5%
[dbg] ADA     n=9216 min=-0.960411 max=0.926582 mean=-0.0437103 nonzero=100.0%
[dbg] MRG70   n=9216 min=-98.3796 max=132.167 mean=-3.95668 nonzero=100.0%
[dbg] G2      n=9216 min=-9.28614e+18 max=9.28558e+18 mean=-1.99085e+17 nonzero=100.0%
[dbg] headW   n=512 min=0x0000 max=0xab44 nonzero=25.0%
[dbg] B4DS    n=18432 min=-120 max=128 mean=-0.141793 nonzero=100.0% nan/inf=0 | first8: -8 -5.5 5 2.5 -3.75 -2.25 22 14
[dbg] B22DS   n=147456 min=-448 max=448 mean=-0.525279 nonzero=100.0% nan/inf=0 | first8: -0.9375 44 15 120 10 -22 64 -80
[dbg] B38     n=294912 min=-416 max=448 mean=1.86724 nonzero=100.0% nan/inf=0 | first8: -112 -64 36 3.5 192 -208 160 -96
[dbg] B48     n=73728 min=-448 max=448 mean=-16.8422 nonzero=100.0% nan/inf=0 | first8: 144 -176 240 -112 120 96 288 -112
[dbg] B69     n=9216 min=-448 max=384 mean=-21.1616 nonzero=100.0% nan/inf=0 | first8: 18 80 -80 56 -4.5 -2.75 104 0.2812
[dbg] sinT    n=32 min=-0.341064 max=0.736816 mean=0.281882 nonzero=100.0%
[dbg] cosT    n=32 min=-0.983887 max=1 mean=0.575806 nonzero=100.0%
[dbg] FRS     n=9216 min=-4.5 max=7 mean=-0.194206 nonzero=99.8% nan/inf=0 | first8: -0.3125 0.05859 -0.4688 0.25 0.05859 -0.05469 -0.02539 -0.2344
[dbg] headUp  n=14745600 min=-3.15675 max=1.6244 mean=0.00740946 nonzero=100.0%
[frame] 2 processed in 56.6 ms (acq 500.1 bridge 2.1 rec 1.2 gpu 67.8 | fe 2.6 fp 0.0 chain 52.6 hp 0.0 tail 1.4)
[frame] 3 processed in 50.1 ms (acq 8.1 bridge 1.9 rec 1.2 gpu 56.5 | fe 0.9 fp 0.0 chain 47.8 hp 0.0 tail 1.4)
[frame] 4 processed in 55.6 ms (acq 873.5 bridge 2.3 rec 1.3 gpu 65.9 | fe 1.8 fp 0.0 chain 52.4 hp 0.0 tail 1.4)
[frame] 5 processed in 50.1 ms (acq 8.0 bridge 1.8 rec 1.2 gpu 57.9 | fe 0.9 fp 0.0 chain 47.8 hp 0.0 tail 1.4)
[frame] 6 processed in 57.4 ms (acq 852.3 bridge 2.4 rec 1.3 gpu 69.0 | fe 2.2 fp 0.0 chain 53.7 hp 0.0 tail 1.4)
[frame] 7 processed in 50.1 ms (acq 8.1 bridge 1.9 rec 1.3 gpu 59.3 | fe 0.9 fp 0.0 chain 47.8 hp 0.0 tail 1.4)
[frame] 8 processed in 55.7 ms (acq 854.0 bridge 2.5 rec 1.2 gpu 67.7 | fe 2.0 fp 0.0 chain 52.2 hp 0.0 tail 1.4)
[frame] 9 processed in 50.1 ms (acq 7.5 bridge 1.6 rec 1.4 gpu 61.7 | fe 0.9 fp 0.0 chain 47.8 hp 0.0 tail 1.4)
[frame] 10 processed in 56.0 ms (acq 846.3 bridge 1.6 rec 1.5 gpu 70.6 | fe 1.2 fp 0.0 chain 53.5 hp 0.0 tail 1.4)
[metrics] frame 10 region 2560x1440: mean|final-native| B=3.95520 G=4.65596 R=3.39926 (must be > 0)
[metrics] structure: mean |grad(delta)| B=0.22725 G=0.23874 R=0.22013 (> 0); changed 91.23% => PASS
[frame] 11 processed in 77.0 ms (acq 8.7 bridge 1.7 rec 1.3 gpu 86.2 | fe 1.0 fp 0.0 chain 74.5 hp 0.0 tail 1.5)
[frame] 12 processed in 58.0 ms (acq 707.8 bridge 1.9 rec 2.2 gpu 70.3 | fe 2.8 fp 0.0 chain 53.8 hp 0.0 tail 1.4)
[frame] 13 processed in 50.1 ms (acq 9.1 bridge 1.8 rec 1.2 gpu 60.1 | fe 0.9 fp 0.0 chain 47.8 hp 0.0 tail 1.4)
[frame] 14 processed in 56.7 ms (acq 861.1 bridge 2.4 rec 1.3 gpu 68.2 | fe 2.5 fp 0.0 chain 52.8 hp 0.0 tail 1.4)
[frame] 15 processed in 50.1 ms (acq 8.0 bridge 1.9 rec 1.3 gpu 58.7 | fe 0.9 fp 0.0 chain 47.8 hp 0.0 tail 1.4)
[frame] 16 processed in 58.5 ms (acq 855.7 bridge 2.4 rec 1.5 gpu 70.4 | fe 2.3 fp 0.0 chain 54.8 hp 0.0 tail 1.4)
[frame] 17 processed in 50.2 ms (acq 8.7 bridge 1.9 rec 1.5 gpu 58.7 | fe 0.9 fp 0.0 chain 47.8 hp 0.0 tail 1.4)
[frame] 18 processed in 58.2 ms (acq 873.7 bridge 2.1 rec 1.2 gpu 69.1 | fe 2.7 fp 0.0 chain 54.1 hp 0.0 tail 1.4)
[frame] 19 processed in 50.1 ms (acq 9.3 bridge 2.1 rec 1.3 gpu 60.0 | fe 0.9 fp 0.0 chain 47.8 hp 0.0 tail 1.4)
[frame] 20 processed in 57.0 ms (acq 866.5 bridge 2.2 rec 1.2 gpu 67.2 | fe 2.0 fp 0.0 chain 53.6 hp 0.0 tail 1.4)
[frame] 21 processed in 50.1 ms (acq 8.3 bridge 1.8 rec 1.3 gpu 58.6 | fe 0.9 fp 0.0 chain 47.8 hp 0.0 tail 1.4)
[frame] 22 processed in 57.2 ms (acq 862.3 bridge 2.7 rec 1.3 gpu 68.4 | fe 2.1 fp 0.0 chain 53.6 hp 0.0 tail 1.4)
[frame] 23 processed in 50.1 ms (acq 8.8 bridge 1.8 rec 1.3 gpu 59.3 | fe 0.9 fp 0.0 chain 47.8 hp 0.0 tail 1.4)
[frame] 24 processed in 55.8 ms (acq 840.6 bridge 2.2 rec 1.3 gpu 67.4 | fe 2.1 fp 0.0 chain 52.3 hp 0.0 tail 1.4)
[frame] 25 processed in 50.2 ms (acq 8.6 bridge 1.8 rec 1.6 gpu 57.8 | fe 0.9 fp 0.0 chain 47.8 hp 0.0 tail 1.4)
[frame] 26 processed in 50.2 ms (acq 371.5 bridge 1.9 rec 1.3 gpu 58.6 | fe 0.9 fp 0.0 chain 47.9 hp 0.0 tail 1.4)
[frame] 27 processed in 57.5 ms (acq 443.6 bridge 2.1 rec 1.3 gpu 69.6 | fe 2.1 fp 0.0 chain 53.9 hp 0.0 tail 1.4)
[frame] 28 processed in 50.2 ms (acq 8.7 bridge 1.8 rec 1.3 gpu 57.8 | fe 0.9 fp 0.0 chain 47.9 hp 0.0 tail 1.4)
[frame] 29 processed in 56.3 ms (acq 878.2 bridge 2.4 rec 1.5 gpu 67.9 | fe 1.6 fp 0.0 chain 53.3 hp 0.0 tail 1.4)
[frame] 30 processed in 50.2 ms (acq 10.0 bridge 1.5 rec 1.4 gpu 62.8 | fe 0.9 fp 0.0 chain 47.9 hp 0.0 tail 1.4)
[metrics] frame 30 region 2560x1440: mean|final-native| B=3.77636 G=4.72770 R=3.34836 (must be > 0)
[metrics] structure: mean |grad(delta)| B=0.23273 G=0.23930 R=0.22553 (> 0); changed 91.59% => PASS
[frame] 31 processed in 54.8 ms (acq 618.5 bridge 2.1 rec 1.2 gpu 67.6 | fe 2.3 fp 0.0 chain 51.1 hp 0.0 tail 1.4)
[frame] 32 processed in 50.2 ms (acq 8.8 bridge 1.7 rec 1.4 gpu 58.7 | fe 0.9 fp 0.0 chain 47.9 hp 0.0 tail 1.4)
[frame] 33 processed in 55.9 ms (acq 877.0 bridge 2.2 rec 1.4 gpu 67.3 | fe 2.1 fp 0.0 chain 52.4 hp 0.0 tail 1.4)
[frame] 34 processed in 50.2 ms (acq 8.4 bridge 1.7 rec 1.5 gpu 62.5 | fe 0.9 fp 0.0 chain 47.9 hp 0.0 tail 1.4)
[frame] 35 processed in 55.7 ms (acq 860.2 bridge 2.6 rec 1.3 gpu 66.8 | fe 1.9 fp 0.0 chain 52.3 hp 0.0 tail 1.4)
[frame] 36 processed in 50.2 ms (acq 8.4 bridge 2.4 rec 1.3 gpu 62.2 | fe 0.9 fp 0.0 chain 47.9 hp 0.0 tail 1.4)
[frame] 37 processed in 57.9 ms (acq 867.4 bridge 2.4 rec 1.4 gpu 69.7 | fe 3.0 fp 0.0 chain 53.5 hp 0.0 tail 1.4)
[frame] 38 processed in 50.2 ms (acq 8.9 bridge 1.8 rec 1.4 gpu 58.6 | fe 0.9 fp 0.0 chain 47.9 hp 0.0 tail 1.4)
[frame] 39 processed in 57.1 ms (acq 880.8 bridge 2.1 rec 1.3 gpu 69.7 | fe 2.3 fp 0.0 chain 53.3 hp 0.0 tail 1.4)
[m8b] frame 39 | rolling 2.1 fps | dropped 0 | fresh

=== M8B-LIVE summary ===
frames: 40, wall: 19.24 s, avg fps: 2.08, last rolling fps: 2.1
dropped (DDA timeout/black/access-lost): 0
present: FIFO, format 44, path none (--novideo)
chain: full 71-block DLSSNR graph @ 288 tokens (real weights, resident)
verify frames {10,30,60}: ALL PASS
=== M8B-LIVE result: PASS ===
exit code: 0 (ended 20.09.2026 17:01:49,37) 
 
=== M8B session note 2026-09-20 17:05 (event-driven idle + perf diagnosis) === 
Runs (private logs, this session): --frames 12/8 --novideo idle verify (acq waits 513-886 ms, GPU idle); --frames 40 --novideo x2 (arrival-paced 2.05-2.13 fps wall, chain 47.9-58 ms, verify PASS); --frames 60 --novideo + ext cursor activity (throughput demo: 11.83 fps avg/12.0 rolling, chain ~50-51 ms, acq ~7-8 ms, 0 drops). 
Root cause of 12.8->4.2 fps: NO GPU regression - event-driven loop correctly idles on a near-static screen (~1 Hz taskbar clock); per-frame GPU 50-58 ms unchanged. Final: --frames 40 --novideo PASS, PNG inspected clean. 
 
=== M8B-LIVE run: m8blive.exe --frames 70 --novideo 
started 20.09.2026 17:34:48,46 
=== M8B-LIVE: REAL DLSS 5 graph (71 blocks) live on the desktop, Intel Arc Pro B50 ===
transport: m4-present-simple (CPU bridge) | core: m8-full-chain @03900ab (288 tokens, ~47 ms)
frame target: 2560x1440 B8G8R8A8, frames=70 (processed), wiggle-idle=0s, video=0

[D3D11] hardware device created, feature level 0xb100
[DDA] DuplicateOutput active: 2560x1440 format=87 rotation=1 origin=(0,0)
[DDA] initial content frame on try 1 (acquired#1, skippedBlack=0)
[cap] native sample mean=167.87 (0 => capture black)
[VK] device "Intel(R) Arc(TM) Pro B50 Graphics" LUID=00000000:000095a2   <== MATCHES DXGI adapter
[VK] device "Intel(R) Arc(TM) Pro B50 Graphics" LUID=00000000:000116cc 
[VK] coopmat 8x16x16 f16xf16->f32: OK
[VK] logical device up (compute+graphics family 0, swapchain + coopmat)
[bridge] upload buffer 14745600 bytes persistently mapped (CPU bridge; zero-copy deferred to M5)
[VK] 7 transport pipelines up (+ blit + fbcancel); standin REMOVED
[geometry] network extent PINNED at 12x24 = 288 tokens (m8 chain grid)
loading DLSSNR graph... (weights + chain setup; ~1-2 s, not a hang)
safetensors: 649 tensors, data base 64976
pack: 649 tensors (278.03 MiB)
pack offsets cross-checked vs docs/pack-layout.txt: OK
arena: 46.91 MB scratch after weights; one device buffer, total 324.9 MB
weight upload: 324.9 MB in 241.2 ms (1.32 GB/s incl. preprocessing)
[chain] weights resident, setup 2393 ms
[chain] 12 pipelines up (10 kernels + featpack/headpack), BDA base 0xffffb807889d0000
[fb] cancellation buffers up: lastPresented 14745600 B (zeroed), stats mapped
[stage] frame0 upload+decode+letterbox: 8.041 ms
[letterbox] region rows [0,1440) cols [0,2560) of 2560x1440 (host decision FIXED for the loop)
[geometry] region 2560x1440 -> network extent 12x24 (chain 288-token grid)
[mem] intermediates device-local; readback host-coherent; blit sets 0
[m8b] entering live loop (70 frames, event-driven; --frames counts PROCESSED frames)
[frame] 0 processed in 50.0 ms (acq 7.9 bridge 3.9 rec 290.2 gpu 57.1 | fe 0.7 fp 0.0 chain 47.9 hp 0.0 tail 1.4)
[m8b] frame 0 | rolling 0.0 fps | dropped 0 | fresh
[frame] 1 processed in 55.9 ms (acq 23.3 bridge 2.0 rec 1.7 gpu 77.9 | fe 0.6 fp 0.0 chain 53.8 hp 0.0 tail 1.4)
[dbg] featV   n=4608 min=-1 max=1 mean=0.0638824 nonzero=87.5%
[dbg] HEAD    n=4608 min=-23.068 max=2.04217 mean=-0.669459 nonzero=25.0%
[dbg] head4   n=1152 min=-3.18958 max=1.83246 mean=-7.82323e-08 nonzero=100.0%
[dbg] head4 ch0: mean=-0.0000 std=0.1142 (DC-removed delta 0.25xstd=0.0286)
[dbg] head4 ch1: mean=0.0000 std=0.1425 (DC-removed delta 0.25xstd=0.0356)
[dbg] head4 ch2: mean=-0.0000 std=0.1106 (DC-removed delta 0.25xstd=0.0277)
[dbg] head4 ch3: mean=-0.0000 std=1.3274 (DC-removed delta 0.25xstd=0.3318)
[dbg] x16     n=4608 min=0x0000 max=0xbc00 nonzero=87.5%
[dbg] ADA     n=9216 min=-0.960411 max=0.926582 mean=-0.0437103 nonzero=100.0%
[dbg] MRG70   n=9216 min=-98.3796 max=132.167 mean=-3.95668 nonzero=100.0%
[dbg] G2      n=9216 min=-9.28614e+18 max=9.28558e+18 mean=-1.99085e+17 nonzero=100.0%
[dbg] headW   n=512 min=0x0000 max=0xab44 nonzero=25.0%
[dbg] B4DS    n=18432 min=-120 max=128 mean=-0.141793 nonzero=100.0% nan/inf=0 | first8: -8 -5.5 5 2.5 -3.75 -2.25 22 14
[dbg] B22DS   n=147456 min=-448 max=448 mean=-0.525279 nonzero=100.0% nan/inf=0 | first8: -0.9375 44 15 120 10 -22 64 -80
[dbg] B38     n=294912 min=-416 max=448 mean=1.86724 nonzero=100.0% nan/inf=0 | first8: -112 -64 36 3.5 192 -208 160 -96
[dbg] B48     n=73728 min=-448 max=448 mean=-16.8422 nonzero=100.0% nan/inf=0 | first8: 144 -176 240 -112 120 96 288 -112
[dbg] B69     n=9216 min=-448 max=384 mean=-21.1616 nonzero=100.0% nan/inf=0 | first8: 18 80 -80 56 -4.5 -2.75 104 0.2812
[dbg] sinT    n=32 min=-0.341064 max=0.736816 mean=0.281882 nonzero=100.0%
[dbg] cosT    n=32 min=-0.983887 max=1 mean=0.575806 nonzero=100.0%
[dbg] FRS     n=9216 min=-4.5 max=7 mean=-0.194206 nonzero=99.8% nan/inf=0 | first8: -0.3125 0.05859 -0.4688 0.25 0.05859 -0.05469 -0.02539 -0.2344
[dbg] headUp  n=14745600 min=-3.15675 max=1.6244 mean=0.00740935 nonzero=100.0%
[frame] 2 processed in 50.0 ms (acq 8.5 bridge 1.8 rec 1.5 gpu 61.4 | fe 0.7 fp 0.0 chain 48.0 hp 0.0 tail 1.4)
[frame] 3 processed in 60.7 ms (acq 806.1 bridge 2.3 rec 1.8 gpu 70.2 | fe 0.7 fp 0.0 chain 58.3 hp 0.0 tail 1.7)
[frame] 4 processed in 51.1 ms (acq 8.4 bridge 2.1 rec 2.7 gpu 64.6 | fe 0.7 fp 0.0 chain 49.0 hp 0.0 tail 1.4)
[frame] 5 processed in 50.1 ms (acq 8.2 bridge 1.9 rec 2.0 gpu 58.1 | fe 0.7 fp 0.0 chain 48.0 hp 0.0 tail 1.5)
[frame] 6 processed in 60.3 ms (acq 773.7 bridge 2.3 rec 1.9 gpu 71.8 | fe 0.7 fp 0.0 chain 58.2 hp 0.0 tail 1.4)
[frame] 7 processed in 54.4 ms (acq 8.9 bridge 2.2 rec 2.1 gpu 62.0 | fe 0.6 fp 0.0 chain 52.3 hp 0.0 tail 1.5)
[frame] 8 processed in 50.0 ms (acq 8.4 bridge 1.9 rec 1.7 gpu 56.5 | fe 0.6 fp 0.0 chain 47.9 hp 0.0 tail 1.4)
[frame] 9 processed in 60.2 ms (acq 762.3 bridge 2.1 rec 2.6 gpu 68.0 | fe 0.8 fp 0.0 chain 57.1 hp 0.0 tail 2.3)
[frame] 10 processed in 50.1 ms (acq 20.4 bridge 1.7 rec 1.8 gpu 59.7 | fe 0.7 fp 0.0 chain 48.0 hp 0.0 tail 1.4)
[metrics] frame 10 region 2560x1440: mean|final-native| B=3.95521 G=4.65561 R=3.39951 (must be > 0)
[metrics] structure: mean |grad(delta)| B=0.22837 G=0.23595 R=0.21804 (> 0); changed 91.21% => PASS
[frame] 11 processed in 71.6 ms (acq 8.7 bridge 1.8 rec 1.7 gpu 83.1 | fe 0.7 fp 0.0 chain 69.4 hp 0.0 tail 1.5)
[frame] 12 processed in 57.2 ms (acq 635.1 bridge 2.1 rec 1.4 gpu 69.0 | fe 1.4 fp 0.0 chain 54.3 hp 0.0 tail 1.4)
[frame] 13 processed in 50.0 ms (acq 8.4 bridge 1.7 rec 1.2 gpu 60.3 | fe 0.7 fp 0.0 chain 47.9 hp 0.0 tail 1.4)
[frame] 14 processed in 55.2 ms (acq 861.2 bridge 2.0 rec 1.3 gpu 68.0 | fe 0.7 fp 0.0 chain 53.1 hp 0.0 tail 1.4)
[frame] 15 processed in 50.0 ms (acq 8.5 bridge 1.8 rec 1.4 gpu 57.4 | fe 0.6 fp 0.0 chain 48.0 hp 0.0 tail 1.4)
[frame] 16 processed in 55.6 ms (acq 842.3 bridge 2.1 rec 1.2 gpu 68.8 | fe 1.2 fp 0.0 chain 53.0 hp 0.0 tail 1.4)
[frame] 17 processed in 50.1 ms (acq 7.8 bridge 1.7 rec 1.3 gpu 58.2 | fe 0.7 fp 0.0 chain 48.0 hp 0.0 tail 1.4)
[frame] 18 processed in 56.5 ms (acq 863.7 bridge 2.2 rec 1.5 gpu 69.8 | fe 1.5 fp 0.0 chain 53.5 hp 0.0 tail 1.4)
[frame] 19 processed in 50.9 ms (acq 8.2 bridge 2.0 rec 1.5 gpu 61.5 | fe 0.7 fp 0.0 chain 48.6 hp 0.0 tail 1.6)
[frame] 20 processed in 56.4 ms (acq 845.1 bridge 2.3 rec 1.2 gpu 68.9 | fe 1.5 fp 0.0 chain 53.4 hp 0.0 tail 1.4)
[frame] 21 processed in 50.1 ms (acq 8.2 bridge 1.6 rec 1.4 gpu 57.8 | fe 0.6 fp 0.0 chain 48.0 hp 0.0 tail 1.4)
[frame] 22 processed in 50.0 ms (acq 684.8 bridge 1.9 rec 1.3 gpu 58.1 | fe 0.6 fp 0.0 chain 48.0 hp 0.0 tail 1.4)
[frame] 23 processed in 55.2 ms (acq 116.2 bridge 2.3 rec 1.3 gpu 65.1 | fe 1.2 fp 0.0 chain 52.5 hp 0.0 tail 1.4)
[frame] 24 processed in 50.2 ms (acq 10.6 bridge 2.9 rec 2.0 gpu 58.8 | fe 0.7 fp 0.0 chain 48.1 hp 0.0 tail 1.4)
[frame] 25 processed in 54.1 ms (acq 880.7 bridge 2.1 rec 1.3 gpu 67.2 | fe 1.3 fp 0.0 chain 51.4 hp 0.0 tail 1.4)
[frame] 26 processed in 50.1 ms (acq 7.9 bridge 1.7 rec 1.2 gpu 59.7 | fe 0.6 fp 0.0 chain 48.1 hp 0.0 tail 1.4)
[frame] 27 processed in 54.6 ms (acq 857.8 bridge 1.8 rec 1.5 gpu 65.6 | fe 0.6 fp 0.0 chain 52.5 hp 0.0 tail 1.4)
[frame] 28 processed in 50.1 ms (acq 7.8 bridge 1.7 rec 1.5 gpu 62.1 | fe 0.6 fp 0.0 chain 48.0 hp 0.0 tail 1.4)
[frame] 29 processed in 55.5 ms (acq 876.9 bridge 2.2 rec 1.2 gpu 69.3 | fe 1.4 fp 0.0 chain 52.7 hp 0.0 tail 1.4)
[frame] 30 processed in 50.1 ms (acq 9.6 bridge 1.4 rec 1.4 gpu 60.4 | fe 0.6 fp 0.0 chain 48.1 hp 0.0 tail 1.5)
[metrics] frame 30 region 2560x1440: mean|final-native| B=3.77660 G=4.72697 R=3.34849 (must be > 0)
[metrics] structure: mean |grad(delta)| B=0.23334 G=0.23623 R=0.22328 (> 0); changed 91.59% => PASS
[frame] 31 processed in 54.8 ms (acq 636.1 bridge 2.2 rec 1.2 gpu 66.8 | fe 1.3 fp 0.0 chain 52.1 hp 0.0 tail 1.4)
[frame] 32 processed in 50.1 ms (acq 8.7 bridge 1.8 rec 1.3 gpu 57.0 | fe 0.6 fp 0.0 chain 48.0 hp 0.0 tail 1.4)
[frame] 33 processed in 54.3 ms (acq 885.8 bridge 2.1 rec 1.2 gpu 66.8 | fe 0.6 fp 0.0 chain 52.3 hp 0.0 tail 1.4)
[frame] 34 processed in 50.2 ms (acq 8.0 bridge 1.8 rec 1.3 gpu 58.5 | fe 0.7 fp 0.0 chain 48.1 hp 0.0 tail 1.4)
[frame] 35 processed in 56.6 ms (acq 872.6 bridge 2.3 rec 1.4 gpu 69.5 | fe 1.2 fp 0.2 chain 53.8 hp 0.0 tail 1.4)
[frame] 36 processed in 50.1 ms (acq 8.3 bridge 1.8 rec 1.3 gpu 58.4 | fe 0.6 fp 0.0 chain 48.0 hp 0.0 tail 1.4)
[frame] 37 processed in 54.3 ms (acq 868.1 bridge 2.1 rec 1.3 gpu 66.7 | fe 0.7 fp 0.0 chain 52.1 hp 0.0 tail 1.4)
[frame] 38 processed in 50.1 ms (acq 8.2 bridge 1.7 rec 1.5 gpu 62.3 | fe 0.7 fp 0.0 chain 48.0 hp 0.0 tail 1.4)
[frame] 39 processed in 54.1 ms (acq 868.0 bridge 2.1 rec 1.3 gpu 67.4 | fe 1.2 fp 0.0 chain 51.4 hp 0.0 tail 1.4)
[frame] 40 processed in 50.1 ms (acq 8.2 bridge 1.9 rec 1.4 gpu 56.8 | fe 0.6 fp 0.0 chain 48.0 hp 0.0 tail 1.4)
[frame] 41 processed in 54.1 ms (acq 852.3 bridge 2.0 rec 1.3 gpu 66.8 | fe 1.2 fp 0.0 chain 51.5 hp 0.0 tail 1.4)
[frame] 42 processed in 50.0 ms (acq 8.2 bridge 2.2 rec 1.2 gpu 61.6 | fe 0.7 fp 0.0 chain 47.9 hp 0.0 tail 1.4)
[frame] 43 processed in 56.6 ms (acq 854.4 bridge 2.2 rec 1.3 gpu 68.2 | fe 1.3 fp 0.0 chain 53.8 hp 0.0 tail 1.4)
[frame] 44 processed in 50.1 ms (acq 7.8 bridge 1.7 rec 1.3 gpu 56.5 | fe 0.6 fp 0.0 chain 48.1 hp 0.0 tail 1.4)
[frame] 45 processed in 54.4 ms (acq 886.9 bridge 2.2 rec 1.2 gpu 67.5 | fe 1.5 fp 0.0 chain 51.5 hp 0.0 tail 1.4)
[frame] 46 processed in 50.1 ms (acq 8.2 bridge 2.3 rec 1.2 gpu 61.3 | fe 0.6 fp 0.0 chain 48.0 hp 0.0 tail 1.4)
[frame] 47 processed in 56.3 ms (acq 853.7 bridge 2.1 rec 1.3 gpu 68.2 | fe 1.3 fp 0.0 chain 53.6 hp 0.0 tail 1.4)
[frame] 48 processed in 50.0 ms (acq 8.5 bridge 1.9 rec 1.5 gpu 62.2 | fe 0.7 fp 0.0 chain 47.9 hp 0.0 tail 1.4)
[frame] 49 processed in 56.6 ms (acq 872.6 bridge 2.3 rec 1.3 gpu 68.3 | fe 1.2 fp 0.0 chain 53.9 hp 0.0 tail 1.4)
[frame] 50 processed in 50.0 ms (acq 8.2 bridge 1.8 rec 1.3 gpu 56.8 | fe 0.6 fp 0.0 chain 48.0 hp 0.0 tail 1.4)
[frame] 51 processed in 56.1 ms (acq 865.8 bridge 2.1 rec 1.2 gpu 68.5 | fe 1.2 fp 0.0 chain 53.4 hp 0.0 tail 1.4)
[frame] 52 processed in 50.0 ms (acq 8.2 bridge 1.7 rec 1.5 gpu 57.5 | fe 0.6 fp 0.0 chain 48.0 hp 0.0 tail 1.4)
[frame] 53 processed in 54.3 ms (acq 884.6 bridge 2.2 rec 1.5 gpu 67.0 | fe 1.3 fp 0.0 chain 51.5 hp 0.0 tail 1.4)
[frame] 54 processed in 50.2 ms (acq 8.8 bridge 1.8 rec 1.3 gpu 56.6 | fe 0.7 fp 0.0 chain 48.0 hp 0.0 tail 1.4)
[frame] 55 processed in 55.7 ms (acq 879.6 bridge 2.3 rec 1.3 gpu 68.6 | fe 1.3 fp 0.0 chain 53.0 hp 0.0 tail 1.4)
[frame] 56 processed in 50.2 ms (acq 8.2 bridge 1.8 rec 1.2 gpu 57.7 | fe 0.7 fp 0.0 chain 48.1 hp 0.0 tail 1.4)
[frame] 57 processed in 56.1 ms (acq 864.0 bridge 2.2 rec 1.3 gpu 68.1 | fe 1.4 fp 0.0 chain 53.3 hp 0.0 tail 1.4)
[frame] 58 processed in 50.1 ms (acq 7.8 bridge 1.7 rec 1.3 gpu 57.0 | fe 0.6 fp 0.0 chain 48.1 hp 0.0 tail 1.4)
[frame] 59 processed in 56.6 ms (acq 879.9 bridge 3.0 rec 1.3 gpu 64.5 | fe 0.7 fp 0.0 chain 54.4 hp 0.0 tail 1.4)
[frame] 60 processed in 50.1 ms (acq 9.0 bridge 1.5 rec 1.4 gpu 59.4 | fe 0.6 fp 0.0 chain 48.0 hp 0.0 tail 1.4)
[metrics] frame 60 region 2560x1440: mean|final-native| B=3.96124 G=4.68309 R=3.39829 (must be > 0)
[metrics] structure: mean |grad(delta)| B=0.22744 G=0.23783 R=0.22598 (> 0); changed 91.04% => PASS
[m8b] frame 60 | rolling 2.2 fps | dropped 0 | fresh
[frame] 61 processed in 54.4 ms (acq 755.2 bridge 2.2 rec 1.3 gpu 67.1 | fe 0.9 fp 0.0 chain 52.1 hp 0.0 tail 1.5)
[frame] 62 processed in 50.1 ms (acq 8.2 bridge 1.8 rec 1.4 gpu 57.2 | fe 0.6 fp 0.0 chain 48.1 hp 0.0 tail 1.5)
[frame] 63 processed in 54.2 ms (acq 886.4 bridge 2.1 rec 1.7 gpu 64.4 | fe 0.6 fp 0.0 chain 52.1 hp 0.0 tail 1.4)
[frame] 64 processed in 50.0 ms (acq 7.9 bridge 1.7 rec 1.3 gpu 57.0 | fe 0.6 fp 0.0 chain 48.0 hp 0.0 tail 1.4)
[frame] 65 processed in 54.4 ms (acq 862.6 bridge 2.1 rec 1.2 gpu 66.8 | fe 1.3 fp 0.0 chain 51.6 hp 0.0 tail 1.4)
[frame] 66 processed in 50.1 ms (acq 8.2 bridge 2.2 rec 1.3 gpu 61.1 | fe 0.7 fp 0.0 chain 48.0 hp 0.0 tail 1.4)
[frame] 67 processed in 54.3 ms (acq 882.1 bridge 2.3 rec 1.3 gpu 65.7 | fe 0.6 fp 0.0 chain 52.2 hp 0.0 tail 1.4)
[frame] 68 processed in 50.1 ms (acq 7.9 bridge 1.8 rec 1.3 gpu 57.4 | fe 0.7 fp 0.0 chain 48.0 hp 0.0 tail 1.4)
[frame] 69 processed in 55.8 ms (acq 874.9 bridge 2.1 rec 1.4 gpu 68.6 | fe 0.8 fp 0.0 chain 53.6 hp 0.0 tail 1.5)
[m8b] frame 69 | rolling 2.0 fps | dropped 0 | fresh

=== M8B-LIVE summary ===
frames: 70, wall: 32.79 s, avg fps: 2.13, last rolling fps: 2.0
dropped (DDA timeout/black/access-lost): 0
present: FIFO, format 44, path none (--novideo)
chain: full 71-block DLSSNR graph @ 288 tokens (real weights, resident)
verify frames {10,30,60}: ALL PASS
=== M8B-LIVE result: PASS ===
exit code: 0 (ended 20.09.2026 17:35:24,52) 
 
=== M8B-LIVE run: m8blive.exe --frames 60 --colorpass 1 
started 20.09.2026 22:15:17,35 
=== M8B-LIVE: REAL DLSS 5 graph (71 blocks) live on the desktop, Intel Arc Pro B50 ===
transport: m4-present-simple (CPU bridge) | core: m8-full-chain @03900ab (288 tokens, ~47 ms)
frame target: 2560x1440 B8G8R8A8, frames=60 (processed), wiggle-idle=0s, video=1
feedback-cancellation: ON (echo subtract + accumulate, max-delta=12/255, settle-thresh=0.500)
composite: strength=1.00, high-pass(color component)=OFF (--colorpass 1, legacy)

[D3D11] hardware device created, feature level 0xb100
[DDA] DuplicateOutput active: 2560x1440 format=87 rotation=1 origin=(0,0)
[DDA] initial content frame on try 1 (acquired#1, skippedBlack=0)
[cap] native sample mean=168.32 (0 => capture black)
[VK] device "Intel(R) Arc(TM) Pro B50 Graphics" LUID=00000000:000095a2   <== MATCHES DXGI adapter
[VK] device "Intel(R) Arc(TM) Pro B50 Graphics" LUID=00000000:000116cc 
[VK] coopmat 8x16x16 f16xf16->f32: OK
[win] overlay created (HIDDEN until first present): 2560x1440 at (0,0) | exStyle=TOPMOST|TRANSPARENT|LAYERED|NOACTIVATE|TOOLWINDOW (CLICK-THROUGH)
[hotkey] registered: CTRL+ALT+Q=quit CTRL+ALT+X=toggle overlay (QX)
[VK] logical device up (compute+graphics family 0, swapchain + coopmat)
[present] format=44 images=3 mode=FIFO path=blit.comp STORAGE direct compositeAlpha=OPAQUE(supported=0x9)
[bridge] upload buffer 14745600 bytes persistently mapped (CPU bridge; zero-copy deferred to M5)
[VK] 8 transport pipelines up (+ blit + fbcancel + hpfilter); standin REMOVED
[geometry] network extent PINNED at 12x24 = 288 tokens (m8 chain grid)
loading DLSSNR graph... (weights + chain setup; ~1-2 s, not a hang)
safetensors: 649 tensors, data base 64976
pack: 649 tensors (278.03 MiB)
pack offsets cross-checked vs docs/pack-layout.txt: OK
arena: 46.91 MB scratch after weights; one device buffer, total 324.9 MB
weight upload: 324.9 MB in 246.4 ms (1.29 GB/s incl. preprocessing)
[chain] weights resident, setup 1939 ms
[chain] 12 pipelines up (10 kernels + featpack/headpack), BDA base 0xffffb8078e340000
[fb] cancellation state up: lastPresented 14745600 B (zeroed, device-local), stats mapped
[stage] frame0 upload+decode+letterbox: 12.428 ms
[letterbox] region rows [0,1440) cols [0,2560) of 2560x1440 (host decision FIXED for the loop)
[geometry] region 2560x1440 -> network extent 12x24 (chain 288-token grid)
[mem] intermediates device-local; readback host-coherent; blit sets 3
[m8b] entering live loop (60 frames, event-driven; --frames counts PROCESSED frames)
[win] overlay shown (first present)
[frame] 0 processed in 49.9 ms (acq 8.6 fbmean 139.43 bridge 8.0 rec 98.8 gpu 216.9 | fe 0.6 fp 0.0 chain 47.6 hp 0.0 tail 1.6)
[m8b] frame 0 | rolling 0.0 fps | dropped 0 | fresh
[m8b] settled (est mean|d|=0.289 < 0.500) - skip chain+present, keep last frame (#1)
[frame] 1 processed in 51.7 ms (acq 59.1 fbmean 21.40 bridge 2.4 rec 1.6 gpu 222.4 | fe 0.7 fp 0.0 chain 49.3 hp 0.0 tail 1.7)
[dbg] featV   n=4608 min=-1 max=1 mean=0.0347052 nonzero=87.5%
[dbg] HEAD    n=4608 min=-31.8463 max=0.873725 mean=-1.56649 nonzero=25.0%
[dbg] head4   n=1152 min=-1.25816 max=3.7358 mean=-3.46564e-07 nonzero=100.0%
[dbg] head4 ch0: mean=0.0000 std=0.0376 (DC-removed delta 0.25xstd=0.0094)
[dbg] head4 ch1: mean=0.0000 std=0.0167 (DC-removed delta 0.25xstd=0.0042)
[dbg] head4 ch2: mean=0.0000 std=0.0375 (DC-removed delta 0.25xstd=0.0094)
[dbg] head4 ch3: mean=-0.0000 std=1.1438 (DC-removed delta 0.25xstd=0.2860)
[dbg] x16     n=4608 min=0x0000 max=0xbc00 nonzero=87.5%
[dbg] ADA     n=9216 min=-0.97225 max=0.957537 mean=-0.0108976 nonzero=100.0%
[dbg] MRG70   n=9216 min=-52.368 max=62.9418 mean=0.602076 nonzero=100.0%
[dbg] G2      n=9216 min=-1.13327e+15 max=5.66575e+14 mean=-9.6541e+12 nonzero=100.0%
[dbg] headW   n=512 min=0x0000 max=0xab44 nonzero=25.0%
[dbg] B4DS    n=18432 min=-40 max=32 mean=0.567458 nonzero=100.0% nan/inf=0 | first8: -4.5 -0.875 -4.5 0.5 -1.25 3.25 4.5 6.5
[dbg] B22DS   n=147456 min=-224 max=256 mean=-0.0752872 nonzero=100.0% nan/inf=0 | first8: -11 11 7 -18 9 24 -15 20
[dbg] B38     n=294912 min=-384 max=384 mean=-0.170198 nonzero=100.0% nan/inf=0 | first8: -18 -7.5 26 11 30 -52 3.25 18
[dbg] B48     n=73728 min=-384 max=448 mean=0.0367758 nonzero=100.0% nan/inf=0 | first8: 18 3.5 -20 -10 -48 -12 36 -4.5
[dbg] B69     n=9216 min=-160 max=128 mean=-1.14719 nonzero=100.0% nan/inf=0 | first8: -20 12 -44 20 15 -32 52 11
[dbg] sinT    n=32 min=-0.341064 max=0.736816 mean=0.281882 nonzero=100.0%
[dbg] cosT    n=32 min=-0.983887 max=1 mean=0.575806 nonzero=100.0%
[dbg] FRS     n=9216 min=-1.75 max=1.375 mean=0.0373997 nonzero=99.6% nan/inf=0 | first8: -0.1016 0.1016 -0.5625 -0.125 0.1094 -0.25 0.05859 -0.09375
[dbg] headUp  n=14745600 min=-0.958384 max=3.66449 mean=0.0463017 nonzero=100.0%
[frame] 2 processed in 51.9 ms (acq 60.5 fbmean 14.64 bridge 2.3 rec 1.5 gpu 214.3 | fe 0.7 fp 0.0 chain 49.5 hp 0.0 tail 1.7)
[frame] 3 processed in 51.9 ms (acq 18.2 fbmean 13.77 bridge 1.7 rec 1.4 gpu 214.0 | fe 0.7 fp 0.0 chain 49.4 hp 0.0 tail 1.7)
[frame] 4 processed in 51.8 ms (acq 12.3 fbmean 13.61 bridge 1.9 rec 1.9 gpu 214.8 | fe 0.6 fp 0.0 chain 49.4 hp 0.0 tail 1.7)
[frame] 5 processed in 58.9 ms (acq 12.1 fbmean 13.55 bridge 1.9 rec 2.0 gpu 220.9 | fe 0.6 fp 0.0 chain 56.5 hp 0.0 tail 1.7)
[m8b] settled (est mean|d|=0.000 < 0.500) - skip chain+present, keep last frame (#2)
[frame] 6 processed in 52.7 ms (acq 7.0 fbmean 13.54 bridge 2.0 rec 1.6 gpu 227.0 | fe 0.6 fp 0.0 chain 50.4 hp 0.0 tail 1.7)
[m8b] settled (est mean|d|=0.000 < 0.500) - skip chain+present, keep last frame (#3)
[frame] 7 processed in 51.8 ms (acq 7.0 fbmean 13.53 bridge 1.8 rec 1.6 gpu 213.8 | fe 0.6 fp 0.0 chain 49.4 hp 0.0 tail 1.7)
[frame] 8 processed in 51.9 ms (acq 11.9 fbmean 13.50 bridge 1.8 rec 2.0 gpu 214.7 | fe 0.7 fp 0.0 chain 49.4 hp 0.0 tail 1.7)
[frame] 9 processed in 51.9 ms (acq 11.2 fbmean 13.50 bridge 1.8 rec 1.5 gpu 215.0 | fe 0.7 fp 0.0 chain 49.5 hp 0.0 tail 1.7)
[frame] 10 processed in 51.8 ms (acq 14.7 fbmean 13.49 bridge 1.5 rec 1.3 gpu 223.6 | fe 0.6 fp 0.0 chain 49.5 hp 0.0 tail 1.7)
[metrics] frame 10 region 2560x1440: mean|final-native| B=0.42284 G=0.14639 R=0.81060 (must be > 0)
[metrics] frame 10 SIGNED delta mean B=-0.3747 G=-0.1461 R=-0.3063 (0-255; |mean|<=0.5 => no color drift; high-pass target)
[metrics] structure: mean |grad(delta)| B=0.09323 G=0.00321 R=0.12534 (> 0); changed 84.90% => PASS
[frame] 11 processed in 52.0 ms (acq 8.3 fbmean 13.50 bridge 2.1 rec 1.3 gpu 220.2 | fe 0.7 fp 0.0 chain 49.6 hp 0.0 tail 1.7)
[frame] 12 processed in 51.8 ms (acq 10.7 fbmean 13.52 bridge 1.8 rec 1.3 gpu 215.2 | fe 0.6 fp 0.0 chain 49.5 hp 0.0 tail 1.7)
[m8b] settled (est mean|d|=0.000 < 0.500) - skip chain+present, keep last frame (#100)
[m8b] settled (est mean|d|=0.000 < 0.500) - skip chain+present, keep last frame (#200)
[m8b] settled (est mean|d|=0.000 < 0.500) - skip chain+present, keep last frame (#300)
[m8b] settled (est mean|d|=0.000 < 0.500) - skip chain+present, keep last frame (#400)
[m8b] settled (est mean|d|=0.000 < 0.500) - skip chain+present, keep last frame (#500)
[m8b] settled (est mean|d|=0.000 < 0.500) - skip chain+present, keep last frame (#600)
[m8b] settled (est mean|d|=0.000 < 0.500) - skip chain+present, keep last frame (#700)
[m8b] settled (est mean|d|=0.000 < 0.500) - skip chain+present, keep last frame (#800)
[m8b] settled (est mean|d|=0.000 < 0.500) - skip chain+present, keep last frame (#900)
[m8b] settled (est mean|d|=0.000 < 0.500) - skip chain+present, keep last frame (#1000)
[m8b] settled (est mean|d|=0.000 < 0.500) - skip chain+present, keep last frame (#1100)
[m8b] settled (est mean|d|=0.000 < 0.500) - skip chain+present, keep last frame (#1200)
[m8b] settled (est mean|d|=0.000 < 0.500) - skip chain+present, keep last frame (#1300)
[m8b] settled (est mean|d|=0.000 < 0.500) - skip chain+present, keep last frame (#1400)
[m8b] settled (est mean|d|=0.000 < 0.500) - skip chain+present, keep last frame (#1500)
[m8b] settled (est mean|d|=0.000 < 0.500) - skip chain+present, keep last frame (#1600)
[m8b] settled (est mean|d|=0.000 < 0.500) - skip chain+present, keep last frame (#1700)
[m8b] settled (est mean|d|=0.000 < 0.500) - skip chain+present, keep last frame (#1800)
[m8b] settled (est mean|d|=0.000 < 0.500) - skip chain+present, keep last frame (#1900)
[m8b] settled (est mean|d|=0.000 < 0.500) - skip chain+present, keep last frame (#2000)
[m8b] settled (est mean|d|=0.000 < 0.500) - skip chain+present, keep last frame (#2100)
[m8b] settled (est mean|d|=0.000 < 0.500) - skip chain+present, keep last frame (#2200)
[m8b] settled (est mean|d|=0.000 < 0.500) - skip chain+present, keep last frame (#2300)

=== M8B-LIVE summary ===
frames: 13, wall: 297.16 s, avg fps: 0.04, last rolling fps: 3.7
dropped (DDA timeout/black/access-lost): 2333
feedback-cancellation: 13 processed frames, 2301 settled skips, last mean|corrected delta| = 13.517/255 (clamp +/-12)
present: FIFO, format 44, path blit.comp STORAGE
chain: full 71-block DLSSNR graph @ 288 tokens (real weights, resident)
verify frames {10,30,60}: ALL PASS
=== M8B-LIVE result: FAIL ===
exit code: 1 (ended 20.09.2026 22:20:19,57) 
 
=== M8B-LIVE run: m8blive.exe --frames 60 --colorpass 1 --wiggle-idle 3 
started 20.09.2026 22:20:53,57 
=== M8B-LIVE: REAL DLSS 5 graph (71 blocks) live on the desktop, Intel Arc Pro B50 ===
transport: m4-present-simple (CPU bridge) | core: m8-full-chain @03900ab (288 tokens, ~47 ms)
frame target: 2560x1440 B8G8R8A8, frames=60 (processed), wiggle-idle=3s, video=1
feedback-cancellation: ON (echo subtract + accumulate, max-delta=12/255, settle-thresh=0.500)
composite: strength=1.00, high-pass(color component)=OFF (--colorpass 1, legacy)

[D3D11] hardware device created, feature level 0xb100
[DDA] DuplicateOutput active: 2560x1440 format=87 rotation=1 origin=(0,0)
[info] cursor-wiggle generator armed (wiggle-idle=3s)
[DDA] initial content frame on try 1 (acquired#1, skippedBlack=0)
[cap] native sample mean=168.42 (0 => capture black)
[VK] device "Intel(R) Arc(TM) Pro B50 Graphics" LUID=00000000:000095a2   <== MATCHES DXGI adapter
[VK] device "Intel(R) Arc(TM) Pro B50 Graphics" LUID=00000000:000116cc 
[VK] coopmat 8x16x16 f16xf16->f32: OK
[win] overlay created (HIDDEN until first present): 2560x1440 at (0,0) | exStyle=TOPMOST|TRANSPARENT|LAYERED|NOACTIVATE|TOOLWINDOW (CLICK-THROUGH)
[hotkey] registered: CTRL+ALT+Q=quit CTRL+ALT+X=toggle overlay (QX)
[VK] logical device up (compute+graphics family 0, swapchain + coopmat)
[present] format=44 images=3 mode=FIFO path=blit.comp STORAGE direct compositeAlpha=OPAQUE(supported=0x9)
[bridge] upload buffer 14745600 bytes persistently mapped (CPU bridge; zero-copy deferred to M5)
[VK] 8 transport pipelines up (+ blit + fbcancel + hpfilter); standin REMOVED
[geometry] network extent PINNED at 12x24 = 288 tokens (m8 chain grid)
loading DLSSNR graph... (weights + chain setup; ~1-2 s, not a hang)
safetensors: 649 tensors, data base 64976
pack: 649 tensors (278.03 MiB)
pack offsets cross-checked vs docs/pack-layout.txt: OK
arena: 46.91 MB scratch after weights; one device buffer, total 324.9 MB
weight upload: 324.9 MB in 229.6 ms (1.38 GB/s incl. preprocessing)
[chain] weights resident, setup 1485 ms
[chain] 12 pipelines up (10 kernels + featpack/headpack), BDA base 0xffffb8078e340000
[fb] cancellation state up: lastPresented 14745600 B (zeroed, device-local), stats mapped
[stage] frame0 upload+decode+letterbox: 8.779 ms
[letterbox] region rows [0,1440) cols [0,2560) of 2560x1440 (host decision FIXED for the loop)
[geometry] region 2560x1440 -> network extent 12x24 (chain 288-token grid)
[mem] intermediates device-local; readback host-coherent; blit sets 3
[m8b] entering live loop (60 frames, event-driven; --frames counts PROCESSED frames)
[win] overlay shown (first present)
[frame] 0 processed in 49.8 ms (acq 8.0 fbmean 139.42 bridge 1.6 rec 275.2 gpu 227.5 | fe 0.6 fp 0.0 chain 47.6 hp 0.0 tail 1.6)
[m8b] frame 0 | rolling 0.0 fps | dropped 0 | fresh
[m8b] settled (est mean|d|=0.289 < 0.500) - skip chain+present, keep last frame (#1)
[frame] 1 processed in 51.7 ms (acq 52.0 fbmean 21.42 bridge 2.0 rec 1.5 gpu 228.1 | fe 0.7 fp 0.0 chain 49.3 hp 0.0 tail 1.7)
[dbg] featV   n=4608 min=-1 max=1 mean=0.0347052 nonzero=87.5%
[dbg] HEAD    n=4608 min=-31.8463 max=0.873725 mean=-1.56649 nonzero=25.0%
[dbg] head4   n=1152 min=-1.25816 max=3.7358 mean=-6.00076e-07 nonzero=100.0%
[dbg] head4 ch0: mean=0.0000 std=0.0376 (DC-removed delta 0.25xstd=0.0094)
[dbg] head4 ch1: mean=0.0000 std=0.0167 (DC-removed delta 0.25xstd=0.0042)
[dbg] head4 ch2: mean=-0.0000 std=0.0375 (DC-removed delta 0.25xstd=0.0094)
[dbg] head4 ch3: mean=-0.0000 std=1.1438 (DC-removed delta 0.25xstd=0.2860)
[dbg] x16     n=4608 min=0x0000 max=0xbc00 nonzero=87.5%
[dbg] ADA     n=9216 min=-0.97225 max=0.957537 mean=-0.0108976 nonzero=100.0%
[dbg] MRG70   n=9216 min=-52.368 max=62.9418 mean=0.602076 nonzero=100.0%
[dbg] G2      n=9216 min=-1.13327e+15 max=5.66575e+14 mean=-9.6541e+12 nonzero=100.0%
[dbg] headW   n=512 min=0x0000 max=0xab44 nonzero=25.0%
[dbg] B4DS    n=18432 min=-40 max=32 mean=0.567458 nonzero=100.0% nan/inf=0 | first8: -4.5 -0.875 -4.5 0.5 -1.25 3.25 4.5 6.5
[dbg] B22DS   n=147456 min=-224 max=256 mean=-0.0752872 nonzero=100.0% nan/inf=0 | first8: -11 11 7 -18 9 24 -15 20
[dbg] B38     n=294912 min=-384 max=384 mean=-0.170198 nonzero=100.0% nan/inf=0 | first8: -18 -7.5 26 11 30 -52 3.25 18
[dbg] B48     n=73728 min=-384 max=448 mean=0.0367758 nonzero=100.0% nan/inf=0 | first8: 18 3.5 -20 -10 -48 -12 36 -4.5
[dbg] B69     n=9216 min=-160 max=128 mean=-1.14719 nonzero=100.0% nan/inf=0 | first8: -20 12 -44 20 15 -32 52 11
[dbg] sinT    n=32 min=-0.341064 max=0.736816 mean=0.281882 nonzero=100.0%
[dbg] cosT    n=32 min=-0.983887 max=1 mean=0.575806 nonzero=100.0%
[dbg] FRS     n=9216 min=-1.75 max=1.375 mean=0.0373997 nonzero=99.6% nan/inf=0 | first8: -0.1016 0.1016 -0.5625 -0.125 0.1094 -0.25 0.05859 -0.09375
[dbg] headUp  n=14745600 min=-0.958385 max=3.66449 mean=0.0463014 nonzero=100.0%
[frame] 2 processed in 51.8 ms (acq 53.0 fbmean 14.64 bridge 2.2 rec 1.3 gpu 215.5 | fe 0.6 fp 0.0 chain 49.4 hp 0.0 tail 1.7)
[frame] 3 processed in 52.7 ms (acq 12.0 fbmean 13.78 bridge 1.7 rec 1.3 gpu 221.8 | fe 0.6 fp 0.0 chain 50.4 hp 0.0 tail 1.7)
[m8b] settled (est mean|d|=0.000 < 0.500) - skip chain+present, keep last frame (#2)
[frame] 4 processed in 51.8 ms (acq 6.1 fbmean 13.63 bridge 1.6 rec 1.4 gpu 215.2 | fe 0.7 fp 0.0 chain 49.4 hp 0.0 tail 1.7)
[frame] 5 processed in 51.9 ms (acq 12.4 fbmean 13.57 bridge 1.8 rec 1.3 gpu 215.6 | fe 0.7 fp 0.0 chain 49.5 hp 0.0 tail 1.7)
[frame] 6 processed in 51.8 ms (acq 11.6 fbmean 13.53 bridge 1.7 rec 1.4 gpu 216.6 | fe 0.6 fp 0.0 chain 49.4 hp 0.0 tail 1.7)
[frame] 7 processed in 58.8 ms (acq 10.9 fbmean 13.52 bridge 1.7 rec 1.4 gpu 222.5 | fe 0.6 fp 0.0 chain 55.8 hp 0.0 tail 2.3)
[m8b] settled (est mean|d|=0.000 < 0.500) - skip chain+present, keep last frame (#3)
[frame] 8 processed in 52.5 ms (acq 6.7 fbmean 13.52 bridge 1.7 rec 1.3 gpu 215.9 | fe 0.6 fp 0.0 chain 50.1 hp 0.0 tail 1.7)
[frame] 9 processed in 51.9 ms (acq 6.2 fbmean 13.51 bridge 1.5 rec 1.5 gpu 215.6 | fe 0.7 fp 0.0 chain 49.5 hp 0.0 tail 1.7)
[frame] 10 processed in 51.9 ms (acq 16.7 fbmean 13.50 bridge 1.6 rec 1.3 gpu 218.8 | fe 0.6 fp 0.0 chain 49.5 hp 0.0 tail 1.7)
[metrics] frame 10 region 2560x1440: mean|final-native| B=0.42811 G=0.15298 R=0.82327 (must be > 0)
[metrics] frame 10 SIGNED delta mean B=-0.3751 G=-0.1455 R=-0.2980 (0-255; |mean|<=0.5 => no color drift; high-pass target)
[metrics] structure: mean |grad(delta)| B=0.10356 G=0.01865 R=0.15018 (> 0); changed 84.90% => PASS
[frame] 11 processed in 54.2 ms (acq 8.1 fbmean 13.49 bridge 1.7 rec 1.4 gpu 223.3 | fe 0.9 fp 0.0 chain 51.6 hp 0.0 tail 1.7)
[frame] 12 processed in 51.9 ms (acq 6.3 fbmean 13.53 bridge 1.9 rec 1.2 gpu 216.5 | fe 0.6 fp 0.0 chain 49.5 hp 0.0 tail 1.7)
[m8b] settled (est mean|d|=0.000 < 0.500) - skip chain+present, keep last frame (#100)
[m8b] settled (est mean|d|=0.000 < 0.500) - skip chain+present, keep last frame (#200)
[m8b] settled (est mean|d|=0.000 < 0.500) - skip chain+present, keep last frame (#300)
[m8b] settled (est mean|d|=0.000 < 0.500) - skip chain+present, keep last frame (#400)
[m8b] settled (est mean|d|=0.000 < 0.500) - skip chain+present, keep last frame (#500)
[m8b] settled (est mean|d|=0.000 < 0.500) - skip chain+present, keep last frame (#600)
[frame] 13 processed in 51.9 ms (acq 7.9 fbmean 13.53 bridge 1.7 rec 1.5 gpu 221.0 | fe 0.7 fp 0.0 chain 49.5 hp 0.0 tail 1.7)
[m8b] settled (est mean|d|=0.000 < 0.500) - skip chain+present, keep last frame (#700)
[m8b] settled (est mean|d|=0.000 < 0.500) - skip chain+present, keep last frame (#800)
[m8b] settled (est mean|d|=0.000 < 0.500) - skip chain+present, keep last frame (#900)
[m8b] settled (est mean|d|=0.000 < 0.500) - skip chain+present, keep last frame (#1000)
[m8b] settled (est mean|d|=0.000 < 0.500) - skip chain+present, keep last frame (#1100)
[m8b] settled (est mean|d|=0.000 < 0.500) - skip chain+present, keep last frame (#1200)
[m8b] settled (est mean|d|=0.000 < 0.500) - skip chain+present, keep last frame (#1300)
[m8b] settled (est mean|d|=0.000 < 0.500) - skip chain+present, keep last frame (#1400)
[m8b] settled (est mean|d|=0.000 < 0.500) - skip chain+present, keep last frame (#1500)
exit code: 1 (ended 20.09.2026 22:24:13,82) 
 
=== M8B-LIVE run: m8blive.exe --frames 60 --colorpass 1 
started 20.09.2026 22:24:49,01 
=== M8B-LIVE: REAL DLSS 5 graph (71 blocks) live on the desktop, Intel Arc Pro B50 ===
transport: m4-present-simple (CPU bridge) | core: m8-full-chain @03900ab (288 tokens, ~47 ms)
frame target: 2560x1440 B8G8R8A8, frames=60 (processed), wiggle-idle=0s, video=1
feedback-cancellation: ON (echo subtract + accumulate, max-delta=12/255, settle-thresh=0.500)
composite: strength=1.00, high-pass(color component)=OFF (--colorpass 1, legacy)

[D3D11] hardware device created, feature level 0xb100
[DDA] DuplicateOutput active: 2560x1440 format=87 rotation=1 origin=(0,0)
[DDA] initial content frame on try 1 (acquired#1, skippedBlack=0)
[cap] native sample mean=168.45 (0 => capture black)
[VK] device "Intel(R) Arc(TM) Pro B50 Graphics" LUID=00000000:000095a2   <== MATCHES DXGI adapter
[VK] device "Intel(R) Arc(TM) Pro B50 Graphics" LUID=00000000:000116cc 
[VK] coopmat 8x16x16 f16xf16->f32: OK
[win] overlay created (HIDDEN until first present): 2560x1440 at (0,0) | exStyle=TOPMOST|TRANSPARENT|LAYERED|NOACTIVATE|TOOLWINDOW (CLICK-THROUGH)
[hotkey] registered: CTRL+ALT+Q=quit CTRL+ALT+X=toggle overlay (QX)
[VK] logical device up (compute+graphics family 0, swapchain + coopmat)
[present] format=44 images=3 mode=FIFO path=blit.comp STORAGE direct compositeAlpha=OPAQUE(supported=0x9)
[bridge] upload buffer 14745600 bytes persistently mapped (CPU bridge; zero-copy deferred to M5)
[VK] 8 transport pipelines up (+ blit + fbcancel + hpfilter); standin REMOVED
[geometry] network extent PINNED at 12x24 = 288 tokens (m8 chain grid)
loading DLSSNR graph... (weights + chain setup; ~1-2 s, not a hang)
safetensors: 649 tensors, data base 64976
pack: 649 tensors (278.03 MiB)
pack offsets cross-checked vs docs/pack-layout.txt: OK
arena: 46.91 MB scratch after weights; one device buffer, total 324.9 MB
weight upload: 324.9 MB in 234.3 ms (1.35 GB/s incl. preprocessing)
[chain] weights resident, setup 1348 ms
[chain] 12 pipelines up (10 kernels + featpack/headpack), BDA base 0xffffb8078e340000
[fb] cancellation state up: lastPresented 14745600 B (zeroed, device-local), stats mapped
[stage] frame0 upload+decode+letterbox: 9.685 ms
[letterbox] region rows [0,1440) cols [0,2560) of 2560x1440 (host decision FIXED for the loop)
[geometry] region 2560x1440 -> network extent 12x24 (chain 288-token grid)
[mem] intermediates device-local; readback host-coherent; blit sets 3
[m8b] entering live loop (60 frames, event-driven; --frames counts PROCESSED frames)
[win] overlay shown (first present)
[frame] 0 processed in 50.5 ms (acq 7.5 fbmean 139.42 bridge 1.8 rec 15.4 gpu 221.2 | fe 1.0 fp 0.0 chain 47.8 hp 0.0 tail 1.6)
[m8b] frame 0 | rolling 0.0 fps | dropped 0 | fresh
[m8b] settled (est mean|d|=0.289 < 0.500) - skip chain+present, keep last frame (#1)
[frame] 1 processed in 51.6 ms (acq 55.4 fbmean 21.42 bridge 2.1 rec 1.6 gpu 230.9 | fe 0.6 fp 0.0 chain 49.3 hp 0.0 tail 1.7)
[dbg] featV   n=4608 min=-1 max=1 mean=0.0347052 nonzero=87.5%
[dbg] HEAD    n=4608 min=-31.8463 max=0.873725 mean=-1.56649 nonzero=25.0%
[dbg] head4   n=1152 min=-1.25816 max=3.7358 mean=-9.5973e-08 nonzero=100.0%
[dbg] head4 ch0: mean=0.0000 std=0.0376 (DC-removed delta 0.25xstd=0.0094)
[dbg] head4 ch1: mean=0.0000 std=0.0167 (DC-removed delta 0.25xstd=0.0042)
[dbg] head4 ch2: mean=-0.0000 std=0.0375 (DC-removed delta 0.25xstd=0.0094)
[dbg] head4 ch3: mean=-0.0000 std=1.1438 (DC-removed delta 0.25xstd=0.2860)
[dbg] x16     n=4608 min=0x0000 max=0xbc00 nonzero=87.5%
[dbg] ADA     n=9216 min=-0.97225 max=0.957537 mean=-0.0108976 nonzero=100.0%
[dbg] MRG70   n=9216 min=-52.368 max=62.9418 mean=0.602076 nonzero=100.0%
[dbg] G2      n=9216 min=-1.13327e+15 max=5.66575e+14 mean=-9.6541e+12 nonzero=100.0%
[dbg] headW   n=512 min=0x0000 max=0xab44 nonzero=25.0%
[dbg] B4DS    n=18432 min=-40 max=32 mean=0.567458 nonzero=100.0% nan/inf=0 | first8: -4.5 -0.875 -4.5 0.5 -1.25 3.25 4.5 6.5
[dbg] B22DS   n=147456 min=-224 max=256 mean=-0.0752872 nonzero=100.0% nan/inf=0 | first8: -11 11 7 -18 9 24 -15 20
[dbg] B38     n=294912 min=-384 max=384 mean=-0.170198 nonzero=100.0% nan/inf=0 | first8: -18 -7.5 26 11 30 -52 3.25 18
[dbg] B48     n=73728 min=-384 max=448 mean=0.0367758 nonzero=100.0% nan/inf=0 | first8: 18 3.5 -20 -10 -48 -12 36 -4.5
[dbg] B69     n=9216 min=-160 max=128 mean=-1.14719 nonzero=100.0% nan/inf=0 | first8: -20 12 -44 20 15 -32 52 11
[dbg] sinT    n=32 min=-0.341064 max=0.736816 mean=0.281882 nonzero=100.0%
[dbg] cosT    n=32 min=-0.983887 max=1 mean=0.575806 nonzero=100.0%
[dbg] FRS     n=9216 min=-1.75 max=1.375 mean=0.0373997 nonzero=99.6% nan/inf=0 | first8: -0.1016 0.1016 -0.5625 -0.125 0.1094 -0.25 0.05859 -0.09375
[dbg] headUp  n=14745600 min=-0.958383 max=3.66449 mean=0.0463019 nonzero=100.0%
[frame] 2 processed in 51.8 ms (acq 55.6 fbmean 14.64 bridge 2.4 rec 1.4 gpu 215.3 | fe 0.6 fp 0.0 chain 49.5 hp 0.0 tail 1.7)
[frame] 3 processed in 58.1 ms (acq 12.5 fbmean 13.78 bridge 1.9 rec 1.3 gpu 220.4 | fe 0.6 fp 0.0 chain 55.0 hp 0.0 tail 2.5)
[m8b] settled (est mean|d|=0.000 < 0.500) - skip chain+present, keep last frame (#2)
[frame] 4 processed in 51.8 ms (acq 7.7 fbmean 13.63 bridge 2.0 rec 1.3 gpu 215.5 | fe 0.7 fp 0.0 chain 49.4 hp 0.0 tail 1.7)
[m8b] settled (est mean|d|=0.000 < 0.500) - skip chain+present, keep last frame (#3)
[frame] 5 processed in 51.9 ms (acq 6.8 fbmean 13.56 bridge 2.0 rec 2.4 gpu 215.3 | fe 0.7 fp 0.0 chain 49.5 hp 0.0 tail 1.7)
[frame] 6 processed in 51.8 ms (acq 13.3 fbmean 13.53 bridge 1.9 rec 1.3 gpu 214.3 | fe 0.6 fp 0.0 chain 49.5 hp 0.0 tail 1.7)
[frame] 7 processed in 51.9 ms (acq 12.4 fbmean 13.52 bridge 1.7 rec 1.5 gpu 214.0 | fe 0.7 fp 0.0 chain 49.5 hp 0.0 tail 1.7)
[frame] 8 processed in 51.9 ms (acq 12.8 fbmean 13.50 bridge 1.9 rec 1.3 gpu 221.3 | fe 0.7 fp 0.0 chain 49.5 hp 0.0 tail 1.7)
[frame] 9 processed in 51.9 ms (acq 9.5 fbmean 13.51 bridge 1.7 rec 1.4 gpu 214.5 | fe 0.6 fp 0.0 chain 49.5 hp 0.0 tail 1.7)
[frame] 10 processed in 51.9 ms (acq 19.2 fbmean 13.50 bridge 1.6 rec 1.2 gpu 217.3 | fe 0.6 fp 0.0 chain 49.5 hp 0.0 tail 1.7)
[metrics] frame 10 region 2560x1440: mean|final-native| B=0.42878 G=0.15476 R=0.82472 (must be > 0)
[metrics] frame 10 SIGNED delta mean B=-0.3750 G=-0.1457 R=-0.3013 (0-255; |mean|<=0.5 => no color drift; high-pass target)
[metrics] structure: mean |grad(delta)| B=0.10710 G=0.02293 R=0.15637 (> 0); changed 84.90% => PASS
[frame] 11 processed in 56.0 ms (acq 8.7 fbmean 13.49 bridge 1.7 rec 1.3 gpu 219.8 | fe 0.6 fp 0.0 chain 53.2 hp 0.0 tail 2.1)
[frame] 12 processed in 51.8 ms (acq 7.6 fbmean 13.53 bridge 1.4 rec 1.4 gpu 217.9 | fe 0.6 fp 0.0 chain 49.5 hp 0.0 tail 1.7)
[m8b] settled (est mean|d|=0.000 < 0.500) - skip chain+present, keep last frame (#100)
[m8b] settled (est mean|d|=0.000 < 0.500) - skip chain+present, keep last frame (#200)
[m8b] settled (est mean|d|=0.000 < 0.500) - skip chain+present, keep last frame (#300)
[m8b] settled (est mean|d|=0.000 < 0.500) - skip chain+present, keep last frame (#400)
[m8b] settled (est mean|d|=0.000 < 0.500) - skip chain+present, keep last frame (#500)
[m8b] settled (est mean|d|=0.000 < 0.500) - skip chain+present, keep last frame (#600)
[m8b] settled (est mean|d|=0.000 < 0.500) - skip chain+present, keep last frame (#700)
[m8b] settled (est mean|d|=0.000 < 0.500) - skip chain+present, keep last frame (#800)
[m8b] settled (est mean|d|=0.000 < 0.500) - skip chain+present, keep last frame (#900)
[m8b] settled (est mean|d|=0.000 < 0.500) - skip chain+present, keep last frame (#1000)

=== M8B-LIVE summary ===
frames: 13, wall: 126.12 s, avg fps: 0.10, last rolling fps: 3.8
dropped (DDA timeout/black/access-lost): 974
feedback-cancellation: 13 processed frames, 1039 settled skips, last mean|corrected delta| = 13.526/255 (clamp +/-12)
present: FIFO, format 44, path blit.comp STORAGE
chain: full 71-block DLSSNR graph @ 288 tokens (real weights, resident)
verify frames {10,30,60}: ALL PASS
=== M8B-LIVE result: FAIL ===
exit code: 1 (ended 20.09.2026 22:26:59,35) 
 
=== M8B-LIVE run: m8blive.exe --frames 60 --colorpass 1 
started 20.09.2026 22:28:04,32 
=== M8B-LIVE: REAL DLSS 5 graph (71 blocks) live on the desktop, Intel Arc Pro B50 ===
transport: m4-present-simple (CPU bridge) | core: m8-full-chain @03900ab (288 tokens, ~47 ms)
frame target: 2560x1440 B8G8R8A8, frames=60 (processed), wiggle-idle=0s, video=1
feedback-cancellation: ON (echo subtract + accumulate, max-delta=12/255, settle-thresh=0.500)
composite: strength=1.00, high-pass(color component)=OFF (--colorpass 1, legacy)

[D3D11] hardware device created, feature level 0xb100
[DDA] DuplicateOutput active: 2560x1440 format=87 rotation=1 origin=(0,0)
[DDA] initial content frame on try 1 (acquired#1, skippedBlack=0)
[cap] native sample mean=168.37 (0 => capture black)
[VK] device "Intel(R) Arc(TM) Pro B50 Graphics" LUID=00000000:000095a2   <== MATCHES DXGI adapter
[VK] device "Intel(R) Arc(TM) Pro B50 Graphics" LUID=00000000:000116cc 
[VK] coopmat 8x16x16 f16xf16->f32: OK
[win] overlay created (HIDDEN until first present): 2560x1440 at (0,0) | exStyle=TOPMOST|TRANSPARENT|LAYERED|NOACTIVATE|TOOLWINDOW (CLICK-THROUGH)
[hotkey] registered: CTRL+ALT+Q=quit CTRL+ALT+X=toggle overlay (QX)
[VK] logical device up (compute+graphics family 0, swapchain + coopmat)
[present] format=44 images=3 mode=FIFO path=blit.comp STORAGE direct compositeAlpha=OPAQUE(supported=0x9)
[bridge] upload buffer 14745600 bytes persistently mapped (CPU bridge; zero-copy deferred to M5)
[VK] 8 transport pipelines up (+ blit + fbcancel + hpfilter); standin REMOVED
[geometry] network extent PINNED at 12x24 = 288 tokens (m8 chain grid)
loading DLSSNR graph... (weights + chain setup; ~1-2 s, not a hang)
safetensors: 649 tensors, data base 64976
pack: 649 tensors (278.03 MiB)
pack offsets cross-checked vs docs/pack-layout.txt: OK
arena: 46.91 MB scratch after weights; one device buffer, total 324.9 MB
weight upload: 324.9 MB in 235.6 ms (1.35 GB/s incl. preprocessing)
[chain] weights resident, setup 1223 ms
[chain] 12 pipelines up (10 kernels + featpack/headpack), BDA base 0xffffb8078e340000
[fb] cancellation state up: lastPresented 14745600 B (zeroed, device-local), stats mapped
[stage] frame0 upload+decode+letterbox: 12.709 ms
[letterbox] region rows [0,1440) cols [0,2560) of 2560x1440 (host decision FIXED for the loop)
[geometry] region 2560x1440 -> network extent 12x24 (chain 288-token grid)
[mem] intermediates device-local; readback host-coherent; blit sets 3
[m8b] entering live loop (60 frames, event-driven; --frames counts PROCESSED frames)
[win] overlay shown (first present)
[frame] 0 processed in 49.9 ms (acq 6.7 fbmean 139.44 bridge 1.6 rec 20.9 gpu 217.7 | fe 0.7 fp 0.0 chain 47.5 hp 0.0 tail 1.6)
[m8b] frame 0 | rolling 0.0 fps | dropped 0 | fresh
[m8b] settled (est mean|d|=0.289 < 0.500) - skip chain+present, keep last frame (#1)
[frame] 1 processed in 51.7 ms (acq 53.6 fbmean 21.40 bridge 1.9 rec 1.8 gpu 228.0 | fe 0.6 fp 0.0 chain 49.4 hp 0.0 tail 1.7)
[dbg] featV   n=4608 min=-1 max=1 mean=0.0347052 nonzero=87.5%
[dbg] HEAD    n=4608 min=-31.8463 max=0.873725 mean=-1.56649 nonzero=25.0%
[dbg] head4   n=1152 min=-1.25816 max=3.7358 mean=-1.7793e-07 nonzero=100.0%
[dbg] head4 ch0: mean=0.0000 std=0.0376 (DC-removed delta 0.25xstd=0.0094)
[dbg] head4 ch1: mean=-0.0000 std=0.0167 (DC-removed delta 0.25xstd=0.0042)
[dbg] head4 ch2: mean=-0.0000 std=0.0375 (DC-removed delta 0.25xstd=0.0094)
[dbg] head4 ch3: mean=-0.0000 std=1.1438 (DC-removed delta 0.25xstd=0.2860)
[dbg] x16     n=4608 min=0x0000 max=0xbc00 nonzero=87.5%
[dbg] ADA     n=9216 min=-0.97225 max=0.957537 mean=-0.0108976 nonzero=100.0%
[dbg] MRG70   n=9216 min=-52.368 max=62.9418 mean=0.602076 nonzero=100.0%
[dbg] G2      n=9216 min=-1.13327e+15 max=5.66575e+14 mean=-9.6541e+12 nonzero=100.0%
[dbg] headW   n=512 min=0x0000 max=0xab44 nonzero=25.0%
[dbg] B4DS    n=18432 min=-40 max=32 mean=0.567458 nonzero=100.0% nan/inf=0 | first8: -4.5 -0.875 -4.5 0.5 -1.25 3.25 4.5 6.5
[dbg] B22DS   n=147456 min=-224 max=256 mean=-0.0752872 nonzero=100.0% nan/inf=0 | first8: -11 11 7 -18 9 24 -15 20
[dbg] B38     n=294912 min=-384 max=384 mean=-0.170198 nonzero=100.0% nan/inf=0 | first8: -18 -7.5 26 11 30 -52 3.25 18
[dbg] B48     n=73728 min=-384 max=448 mean=0.0367758 nonzero=100.0% nan/inf=0 | first8: 18 3.5 -20 -10 -48 -12 36 -4.5
[dbg] B69     n=9216 min=-160 max=128 mean=-1.14719 nonzero=100.0% nan/inf=0 | first8: -20 12 -44 20 15 -32 52 11
[dbg] sinT    n=32 min=-0.341064 max=0.736816 mean=0.281882 nonzero=100.0%
[dbg] cosT    n=32 min=-0.983887 max=1 mean=0.575806 nonzero=100.0%
[dbg] FRS     n=9216 min=-1.75 max=1.375 mean=0.0373997 nonzero=99.6% nan/inf=0 | first8: -0.1016 0.1016 -0.5625 -0.125 0.1094 -0.25 0.05859 -0.09375
[dbg] headUp  n=14745600 min=-0.958383 max=3.66449 mean=0.0463018 nonzero=100.0%
[frame] 2 processed in 53.4 ms (acq 54.5 fbmean 14.63 bridge 2.4 rec 1.2 gpu 223.2 | fe 0.6 fp 0.0 chain 51.0 hp 0.0 tail 1.7)
[m8b] settled (est mean|d|=0.000 < 0.500) - skip chain+present, keep last frame (#2)
[frame] 3 processed in 51.8 ms (acq 8.5 fbmean 13.78 bridge 1.7 rec 1.3 gpu 215.8 | fe 0.7 fp 0.0 chain 49.4 hp 0.0 tail 1.7)
[frame] 4 processed in 51.8 ms (acq 11.7 fbmean 13.61 bridge 1.5 rec 1.3 gpu 214.9 | fe 0.6 fp 0.0 chain 49.4 hp 0.0 tail 1.7)
[frame] 5 processed in 51.9 ms (acq 12.3 fbmean 13.55 bridge 1.6 rec 1.3 gpu 214.2 | fe 0.7 fp 0.0 chain 49.4 hp 0.0 tail 1.7)
[frame] 6 processed in 57.9 ms (acq 12.5 fbmean 13.52 bridge 1.6 rec 1.3 gpu 221.6 | fe 0.6 fp 0.0 chain 54.5 hp 0.0 tail 2.7)
[m8b] settled (est mean|d|=0.000 < 0.500) - skip chain+present, keep last frame (#3)
[frame] 7 processed in 52.7 ms (acq 7.6 fbmean 13.53 bridge 1.7 rec 1.3 gpu 217.5 | fe 0.7 fp 0.0 chain 50.3 hp 0.0 tail 1.7)
[frame] 8 processed in 52.5 ms (acq 8.7 fbmean 13.50 bridge 1.7 rec 1.3 gpu 216.0 | fe 0.6 fp 0.0 chain 50.1 hp 0.0 tail 1.7)
[frame] 9 processed in 51.8 ms (acq 11.9 fbmean 13.50 bridge 1.7 rec 1.4 gpu 214.2 | fe 0.6 fp 0.0 chain 49.5 hp 0.0 tail 1.7)
[frame] 10 processed in 51.9 ms (acq 15.8 fbmean 13.49 bridge 1.4 rec 1.3 gpu 217.2 | fe 0.7 fp 0.0 chain 49.5 hp 0.0 tail 1.7)
[metrics] frame 10 region 2560x1440: mean|final-native| B=0.42297 G=0.14776 R=0.81052 (must be > 0)
[metrics] frame 10 SIGNED delta mean B=-0.3744 G=-0.1453 R=-0.3081 (0-255; |mean|<=0.5 => no color drift; high-pass target)
[metrics] structure: mean |grad(delta)| B=0.09305 G=0.00693 R=0.12677 (> 0); changed 84.90% => PASS
[frame] 11 processed in 52.5 ms (acq 8.4 fbmean 13.50 bridge 1.6 rec 1.4 gpu 215.4 | fe 0.6 fp 0.0 chain 50.2 hp 0.0 tail 1.7)
[frame] 12 processed in 51.9 ms (acq 18.2 fbmean 13.51 bridge 1.7 rec 1.3 gpu 214.2 | fe 0.6 fp 0.0 chain 49.6 hp 0.0 tail 1.7)
[m8b] settled (est mean|d|=0.000 < 0.500) - skip chain+present, keep last frame (#100)
[m8b] settled (est mean|d|=0.000 < 0.500) - skip chain+present, keep last frame (#200)
[m8b] settled (est mean|d|=0.000 < 0.500) - skip chain+present, keep last frame (#300)
[m8b] settled (est mean|d|=0.000 < 0.500) - skip chain+present, keep last frame (#400)
[m8b] settled (est mean|d|=0.000 < 0.500) - skip chain+present, keep last frame (#500)
[m8b] settled (est mean|d|=0.000 < 0.500) - skip chain+present, keep last frame (#600)
[m8b] settled (est mean|d|=0.000 < 0.500) - skip chain+present, keep last frame (#700)
[m8b] settled (est mean|d|=0.000 < 0.500) - skip chain+present, keep last frame (#800)

=== M8B-LIVE summary ===
frames: 13, wall: 105.16 s, avg fps: 0.12, last rolling fps: 3.8
dropped (DDA timeout/black/access-lost): 806
feedback-cancellation: 13 processed frames, 834 settled skips, last mean|corrected delta| = 13.515/255 (clamp +/-12)
present: FIFO, format 44, path blit.comp STORAGE
chain: full 71-block DLSSNR graph @ 288 tokens (real weights, resident)
verify frames {10,30,60}: ALL PASS
=== M8B-LIVE result: FAIL ===
exit code: 1 (ended 20.09.2026 22:29:53,43) 
 
=== M8B-LIVE run: m8blive.exe --frames 60 --colorpass 1 
started 20.09.2026 22:31:03,79 
=== M8B-LIVE: REAL DLSS 5 graph (71 blocks) live on the desktop, Intel Arc Pro B50 ===
transport: m4-present-simple (CPU bridge) | core: m8-full-chain @03900ab (288 tokens, ~47 ms)
frame target: 2560x1440 B8G8R8A8, frames=60 (processed), wiggle-idle=0s, video=1
feedback-cancellation: ON (echo subtract + accumulate, max-delta=12/255, settle-thresh=0.500)
composite: strength=1.00, high-pass(color component)=OFF (--colorpass 1, legacy)

[D3D11] hardware device created, feature level 0xb100
[DDA] DuplicateOutput active: 2560x1440 format=87 rotation=1 origin=(0,0)
[DDA] initial content frame on try 1 (acquired#1, skippedBlack=0)
[cap] native sample mean=168.44 (0 => capture black)
[VK] device "Intel(R) Arc(TM) Pro B50 Graphics" LUID=00000000:000095a2   <== MATCHES DXGI adapter
[VK] device "Intel(R) Arc(TM) Pro B50 Graphics" LUID=00000000:000116cc 
[VK] coopmat 8x16x16 f16xf16->f32: OK
[win] overlay created (HIDDEN until first present): 2560x1440 at (0,0) | exStyle=TOPMOST|TRANSPARENT|LAYERED|NOACTIVATE|TOOLWINDOW (CLICK-THROUGH)
[hotkey] registered: CTRL+ALT+Q=quit CTRL+ALT+X=toggle overlay (QX)
[VK] logical device up (compute+graphics family 0, swapchain + coopmat)
[present] format=44 images=3 mode=FIFO path=blit.comp STORAGE direct compositeAlpha=OPAQUE(supported=0x9)
[bridge] upload buffer 14745600 bytes persistently mapped (CPU bridge; zero-copy deferred to M5)
[VK] 8 transport pipelines up (+ blit + fbcancel + hpfilter); standin REMOVED
[geometry] network extent PINNED at 12x24 = 288 tokens (m8 chain grid)
loading DLSSNR graph... (weights + chain setup; ~1-2 s, not a hang)
safetensors: 649 tensors, data base 64976
pack: 649 tensors (278.03 MiB)
pack offsets cross-checked vs docs/pack-layout.txt: OK
arena: 46.91 MB scratch after weights; one device buffer, total 324.9 MB
weight upload: 324.9 MB in 239.5 ms (1.33 GB/s incl. preprocessing)
[chain] weights resident, setup 1266 ms
[chain] 12 pipelines up (10 kernels + featpack/headpack), BDA base 0xffffb8078e340000
[fb] cancellation state up: lastPresented 14745600 B (zeroed, device-local), stats mapped
[stage] frame0 upload+decode+letterbox: 7.858 ms
[letterbox] region rows [0,1440) cols [0,2560) of 2560x1440 (host decision FIXED for the loop)
[geometry] region 2560x1440 -> network extent 12x24 (chain 288-token grid)
[mem] intermediates device-local; readback host-coherent; blit sets 3
[m8b] entering live loop (60 frames, event-driven; --frames counts PROCESSED frames)
[win] overlay shown (first present)
[frame] 0 processed in 55.1 ms (acq 8.4 fbmean 139.43 bridge 1.8 rec 20.5 gpu 221.1 | fe 0.7 fp 0.0 chain 52.5 hp 0.2 tail 1.8)
[m8b] frame 0 | rolling 0.0 fps | dropped 0 | fresh
[m8b] settled (est mean|d|=0.289 < 0.500) - skip chain+present, keep last frame (#1)
[frame] 1 processed in 51.7 ms (acq 54.3 fbmean 21.41 bridge 2.0 rec 1.8 gpu 227.1 | fe 0.7 fp 0.0 chain 49.3 hp 0.0 tail 1.7)
[dbg] featV   n=4608 min=-1 max=1 mean=0.0347052 nonzero=87.5%
[dbg] HEAD    n=4608 min=-31.8463 max=0.873725 mean=-1.56649 nonzero=25.0%
[dbg] head4   n=1152 min=-1.25816 max=3.7358 mean=-1.77266e-07 nonzero=100.0%
[dbg] head4 ch0: mean=0.0000 std=0.0376 (DC-removed delta 0.25xstd=0.0094)
[dbg] head4 ch1: mean=0.0000 std=0.0167 (DC-removed delta 0.25xstd=0.0042)
[dbg] head4 ch2: mean=-0.0000 std=0.0375 (DC-removed delta 0.25xstd=0.0094)
[dbg] head4 ch3: mean=-0.0000 std=1.1438 (DC-removed delta 0.25xstd=0.2860)
[dbg] x16     n=4608 min=0x0000 max=0xbc00 nonzero=87.5%
[dbg] ADA     n=9216 min=-0.97225 max=0.957537 mean=-0.0108976 nonzero=100.0%
[dbg] MRG70   n=9216 min=-52.368 max=62.9418 mean=0.602076 nonzero=100.0%
[dbg] G2      n=9216 min=-1.13327e+15 max=5.66575e+14 mean=-9.6541e+12 nonzero=100.0%
[dbg] headW   n=512 min=0x0000 max=0xab44 nonzero=25.0%
[dbg] B4DS    n=18432 min=-40 max=32 mean=0.567458 nonzero=100.0% nan/inf=0 | first8: -4.5 -0.875 -4.5 0.5 -1.25 3.25 4.5 6.5
[dbg] B22DS   n=147456 min=-224 max=256 mean=-0.0752872 nonzero=100.0% nan/inf=0 | first8: -11 11 7 -18 9 24 -15 20
[dbg] B38     n=294912 min=-384 max=384 mean=-0.170198 nonzero=100.0% nan/inf=0 | first8: -18 -7.5 26 11 30 -52 3.25 18
[dbg] B48     n=73728 min=-384 max=448 mean=0.0367758 nonzero=100.0% nan/inf=0 | first8: 18 3.5 -20 -10 -48 -12 36 -4.5
[dbg] B69     n=9216 min=-160 max=128 mean=-1.14719 nonzero=100.0% nan/inf=0 | first8: -20 12 -44 20 15 -32 52 11
[dbg] sinT    n=32 min=-0.341064 max=0.736816 mean=0.281882 nonzero=100.0%
[dbg] cosT    n=32 min=-0.983887 max=1 mean=0.575806 nonzero=100.0%
[dbg] FRS     n=9216 min=-1.75 max=1.375 mean=0.0373997 nonzero=99.6% nan/inf=0 | first8: -0.1016 0.1016 -0.5625 -0.125 0.1094 -0.25 0.05859 -0.09375
[dbg] headUp  n=14745600 min=-0.958383 max=3.66449 mean=0.0463018 nonzero=100.0%
[frame] 2 processed in 51.8 ms (acq 54.2 fbmean 14.64 bridge 2.0 rec 1.2 gpu 214.9 | fe 0.6 fp 0.0 chain 49.5 hp 0.0 tail 1.7)
[frame] 3 processed in 51.8 ms (acq 11.9 fbmean 13.77 bridge 1.6 rec 1.3 gpu 214.5 | fe 0.6 fp 0.0 chain 49.4 hp 0.0 tail 1.7)
[frame] 4 processed in 51.8 ms (acq 13.1 fbmean 13.61 bridge 2.1 rec 1.4 gpu 223.2 | fe 0.6 fp 0.0 chain 49.5 hp 0.0 tail 1.7)
[m8b] settled (est mean|d|=0.000 < 0.500) - skip chain+present, keep last frame (#2)
[frame] 5 processed in 51.9 ms (acq 7.0 fbmean 13.57 bridge 1.8 rec 1.4 gpu 215.2 | fe 0.6 fp 0.0 chain 49.5 hp 0.0 tail 1.7)
[frame] 6 processed in 51.9 ms (acq 13.1 fbmean 13.53 bridge 2.0 rec 1.5 gpu 214.0 | fe 0.7 fp 0.0 chain 49.5 hp 0.0 tail 1.7)
[frame] 7 processed in 51.9 ms (acq 11.8 fbmean 13.52 bridge 2.1 rec 1.4 gpu 215.6 | fe 0.7 fp 0.0 chain 49.5 hp 0.0 tail 1.7)
[frame] 8 processed in 56.9 ms (acq 13.1 fbmean 13.50 bridge 2.0 rec 1.2 gpu 223.2 | fe 1.1 fp 0.0 chain 54.1 hp 0.0 tail 1.7)
[m8b] settled (est mean|d|=0.000 < 0.500) - skip chain+present, keep last frame (#3)
[frame] 9 processed in 51.9 ms (acq 8.4 fbmean 13.51 bridge 2.0 rec 2.6 gpu 214.6 | fe 0.7 fp 0.0 chain 49.5 hp 0.0 tail 1.7)
[frame] 10 processed in 51.9 ms (acq 15.3 fbmean 13.50 bridge 1.4 rec 1.2 gpu 218.0 | fe 0.7 fp 0.0 chain 49.5 hp 0.0 tail 1.7)
[metrics] frame 10 region 2560x1440: mean|final-native| B=0.43048 G=0.15420 R=0.82096 (must be > 0)
[metrics] frame 10 SIGNED delta mean B=-0.3740 G=-0.1453 R=-0.3046 (0-255; |mean|<=0.5 => no color drift; high-pass target)
[metrics] structure: mean |grad(delta)| B=0.10917 G=0.02149 R=0.14727 (> 0); changed 84.90% => PASS
[frame] 11 processed in 52.6 ms (acq 8.6 fbmean 13.49 bridge 1.7 rec 1.5 gpu 216.3 | fe 0.7 fp 0.0 chain 50.2 hp 0.0 tail 1.7)
[frame] 12 processed in 52.0 ms (acq 12.1 fbmean 13.51 bridge 1.7 rec 1.3 gpu 221.4 | fe 0.7 fp 0.0 chain 49.5 hp 0.0 tail 1.7)
[m8b] settled (est mean|d|=0.000 < 0.500) - skip chain+present, keep last frame (#100)
[m8b] settled (est mean|d|=0.000 < 0.500) - skip chain+present, keep last frame (#200)
[m8b] settled (est mean|d|=0.000 < 0.500) - skip chain+present, keep last frame (#300)
[m8b] settled (est mean|d|=0.000 < 0.500) - skip chain+present, keep last frame (#400)
[m8b] settled (est mean|d|=0.000 < 0.500) - skip chain+present, keep last frame (#500)
[m8b] settled (est mean|d|=0.000 < 0.500) - skip chain+present, keep last frame (#600)
[m8b] settled (est mean|d|=0.000 < 0.500) - skip chain+present, keep last frame (#700)
[m8b] settled (est mean|d|=0.000 < 0.500) - skip chain+present, keep last frame (#800)
[m8b] settled (est mean|d|=0.000 < 0.500) - skip chain+present, keep last frame (#900)
[m8b] settled (est mean|d|=0.000 < 0.500) - skip chain+present, keep last frame (#1000)
[m8b] settled (est mean|d|=0.000 < 0.500) - skip chain+present, keep last frame (#1100)
[m8b] settled (est mean|d|=0.000 < 0.500) - skip chain+present, keep last frame (#1200)
[m8b] settled (est mean|d|=0.000 < 0.500) - skip chain+present, keep last frame (#1300)
[m8b] settled (est mean|d|=0.000 < 0.500) - skip chain+present, keep last frame (#1400)
[m8b] settled (est mean|d|=0.000 < 0.500) - skip chain+present, keep last frame (#1500)
[m8b] settled (est mean|d|=0.000 < 0.500) - skip chain+present, keep last frame (#1600)

=== M8B-LIVE summary ===
frames: 13, wall: 209.23 s, avg fps: 0.06, last rolling fps: 3.8
dropped (DDA timeout/black/access-lost): 1634
feedback-cancellation: 13 processed frames, 1682 settled skips, last mean|corrected delta| = 13.511/255 (clamp +/-12)
present: FIFO, format 44, path blit.comp STORAGE
chain: full 71-block DLSSNR graph @ 288 tokens (real weights, resident)
verify frames {10,30,60}: ALL PASS
=== M8B-LIVE result: FAIL ===
exit code: 1 (ended 20.09.2026 22:34:37,00) 
 
=== M8B-LIVE run: m8blive.exe --frames 60 --colorpass 1 
started 20.09.2026 22:36:03,24 
=== M8B-LIVE: REAL DLSS 5 graph (71 blocks) live on the desktop, Intel Arc Pro B50 ===
transport: m4-present-simple (CPU bridge) | core: m8-full-chain @03900ab (288 tokens, ~47 ms)
frame target: 2560x1440 B8G8R8A8, frames=60 (processed), wiggle-idle=0s, video=1
feedback-cancellation: ON (echo subtract + accumulate, max-delta=12/255, settle-thresh=0.500)
composite: strength=1.00, high-pass(color component)=OFF (--colorpass 1, legacy)

[D3D11] hardware device created, feature level 0xb100
[DDA] DuplicateOutput active: 2560x1440 format=87 rotation=1 origin=(0,0)
[DDA] initial content frame on try 1 (acquired#1, skippedBlack=0)
[cap] native sample mean=168.43 (0 => capture black)
[VK] device "Intel(R) Arc(TM) Pro B50 Graphics" LUID=00000000:000095a2   <== MATCHES DXGI adapter
[VK] device "Intel(R) Arc(TM) Pro B50 Graphics" LUID=00000000:000116cc 
[VK] coopmat 8x16x16 f16xf16->f32: OK
[win] overlay created (HIDDEN until first present): 2560x1440 at (0,0) | exStyle=TOPMOST|TRANSPARENT|LAYERED|NOACTIVATE|TOOLWINDOW (CLICK-THROUGH)
[hotkey] registered: CTRL+ALT+Q=quit CTRL+ALT+X=toggle overlay (QX)
[VK] logical device up (compute+graphics family 0, swapchain + coopmat)
[present] format=44 images=3 mode=FIFO path=blit.comp STORAGE direct compositeAlpha=OPAQUE(supported=0x9)
[bridge] upload buffer 14745600 bytes persistently mapped (CPU bridge; zero-copy deferred to M5)
[VK] 8 transport pipelines up (+ blit + fbcancel + hpfilter); standin REMOVED
[geometry] network extent PINNED at 12x24 = 288 tokens (m8 chain grid)
loading DLSSNR graph... (weights + chain setup; ~1-2 s, not a hang)
safetensors: 649 tensors, data base 64976
pack: 649 tensors (278.03 MiB)
pack offsets cross-checked vs docs/pack-layout.txt: OK
arena: 46.91 MB scratch after weights; one device buffer, total 324.9 MB
weight upload: 324.9 MB in 243.9 ms (1.30 GB/s incl. preprocessing)
[chain] weights resident, setup 1293 ms
[chain] 12 pipelines up (10 kernels + featpack/headpack), BDA base 0xffffb8078e340000
[fb] cancellation state up: lastPresented 14745600 B (zeroed, device-local), stats mapped
[stage] frame0 upload+decode+letterbox: 6.147 ms
[letterbox] region rows [0,1440) cols [0,2560) of 2560x1440 (host decision FIXED for the loop)
[geometry] region 2560x1440 -> network extent 12x24 (chain 288-token grid)
[mem] intermediates device-local; readback host-coherent; blit sets 3
[m8b] entering live loop (60 frames, event-driven; --frames counts PROCESSED frames)
[win] overlay shown (first present)
[frame] 0 processed in 49.9 ms (acq 8.2 fbmean 139.44 bridge 1.7 rec 20.9 gpu 222.6 | fe 0.7 fp 0.0 chain 47.6 hp 0.0 tail 1.6)
[m8b] frame 0 | rolling 0.0 fps | dropped 0 | fresh
[m8b] settled (est mean|d|=0.289 < 0.500) - skip chain+present, keep last frame (#1)
[frame] 1 processed in 51.6 ms (acq 53.9 fbmean 21.41 bridge 2.1 rec 1.6 gpu 229.1 | fe 0.6 fp 0.0 chain 49.3 hp 0.0 tail 1.7)
[dbg] featV   n=4608 min=-1 max=1 mean=0.0347052 nonzero=87.5%
[dbg] HEAD    n=4608 min=-31.8463 max=0.873725 mean=-1.56649 nonzero=25.0%
[dbg] head4   n=1152 min=-1.25816 max=3.7358 mean=-1.79661e-07 nonzero=100.0%
[dbg] head4 ch0: mean=0.0000 std=0.0376 (DC-removed delta 0.25xstd=0.0094)
[dbg] head4 ch1: mean=-0.0000 std=0.0167 (DC-removed delta 0.25xstd=0.0042)
[dbg] head4 ch2: mean=-0.0000 std=0.0375 (DC-removed delta 0.25xstd=0.0094)
[dbg] head4 ch3: mean=-0.0000 std=1.1438 (DC-removed delta 0.25xstd=0.2860)
[dbg] x16     n=4608 min=0x0000 max=0xbc00 nonzero=87.5%
[dbg] ADA     n=9216 min=-0.97225 max=0.957537 mean=-0.0108976 nonzero=100.0%
[dbg] MRG70   n=9216 min=-52.368 max=62.9418 mean=0.602076 nonzero=100.0%
[dbg] G2      n=9216 min=-1.13327e+15 max=5.66575e+14 mean=-9.6541e+12 nonzero=100.0%
[dbg] headW   n=512 min=0x0000 max=0xab44 nonzero=25.0%
[dbg] B4DS    n=18432 min=-40 max=32 mean=0.567458 nonzero=100.0% nan/inf=0 | first8: -4.5 -0.875 -4.5 0.5 -1.25 3.25 4.5 6.5
[dbg] B22DS   n=147456 min=-224 max=256 mean=-0.0752872 nonzero=100.0% nan/inf=0 | first8: -11 11 7 -18 9 24 -15 20
[dbg] B38     n=294912 min=-384 max=384 mean=-0.170198 nonzero=100.0% nan/inf=0 | first8: -18 -7.5 26 11 30 -52 3.25 18
[dbg] B48     n=73728 min=-384 max=448 mean=0.0367758 nonzero=100.0% nan/inf=0 | first8: 18 3.5 -20 -10 -48 -12 36 -4.5
[dbg] B69     n=9216 min=-160 max=128 mean=-1.14719 nonzero=100.0% nan/inf=0 | first8: -20 12 -44 20 15 -32 52 11
[dbg] sinT    n=32 min=-0.341064 max=0.736816 mean=0.281882 nonzero=100.0%
[dbg] cosT    n=32 min=-0.983887 max=1 mean=0.575806 nonzero=100.0%
[dbg] FRS     n=9216 min=-1.75 max=1.375 mean=0.0373997 nonzero=99.6% nan/inf=0 | first8: -0.1016 0.1016 -0.5625 -0.125 0.1094 -0.25 0.05859 -0.09375
[dbg] headUp  n=14745600 min=-0.958383 max=3.66449 mean=0.0463018 nonzero=100.0%
[frame] 2 processed in 51.8 ms (acq 54.7 fbmean 14.64 bridge 2.0 rec 1.4 gpu 215.5 | fe 0.6 fp 0.0 chain 49.4 hp 0.0 tail 1.7)
[frame] 3 processed in 57.1 ms (acq 12.6 fbmean 13.77 bridge 1.8 rec 1.3 gpu 219.6 | fe 0.6 fp 0.0 chain 54.2 hp 0.0 tail 2.3)
[m8b] settled (est mean|d|=0.000 < 0.500) - skip chain+present, keep last frame (#2)
[frame] 4 processed in 51.8 ms (acq 6.9 fbmean 13.62 bridge 1.8 rec 1.3 gpu 222.1 | fe 0.6 fp 0.0 chain 49.4 hp 0.0 tail 1.7)
[m8b] settled (est mean|d|=0.000 < 0.500) - skip chain+present, keep last frame (#3)
[frame] 5 processed in 52.3 ms (acq 6.5 fbmean 13.56 bridge 1.6 rec 1.7 gpu 217.7 | fe 0.7 fp 0.0 chain 49.9 hp 0.0 tail 1.7)
[frame] 6 processed in 51.9 ms (acq 11.9 fbmean 13.52 bridge 1.6 rec 1.3 gpu 214.8 | fe 0.6 fp 0.0 chain 49.5 hp 0.0 tail 1.7)
[frame] 7 processed in 51.8 ms (acq 12.4 fbmean 13.52 bridge 1.6 rec 1.4 gpu 214.9 | fe 0.6 fp 0.0 chain 49.5 hp 0.0 tail 1.7)
[frame] 8 processed in 51.9 ms (acq 11.0 fbmean 13.49 bridge 1.7 rec 1.3 gpu 222.4 | fe 0.6 fp 0.0 chain 49.5 hp 0.0 tail 1.7)
[frame] 9 processed in 51.9 ms (acq 9.3 fbmean 13.50 bridge 1.5 rec 1.3 gpu 215.6 | fe 0.6 fp 0.0 chain 49.5 hp 0.0 tail 1.7)
[frame] 10 processed in 51.8 ms (acq 17.3 fbmean 13.50 bridge 1.5 rec 1.4 gpu 217.6 | fe 0.6 fp 0.0 chain 49.5 hp 0.0 tail 1.7)
[metrics] frame 10 region 2560x1440: mean|final-native| B=0.42722 G=0.15265 R=0.81462 (must be > 0)
[metrics] frame 10 SIGNED delta mean B=-0.3761 G=-0.1474 R=-0.3106 (0-255; |mean|<=0.5 => no color drift; high-pass target)
[metrics] structure: mean |grad(delta)| B=0.10339 G=0.01798 R=0.13724 (> 0); changed 84.90% => PASS
[frame] 11 processed in 61.6 ms (acq 8.2 fbmean 13.49 bridge 1.7 rec 1.3 gpu 226.6 | fe 0.7 fp 0.0 chain 59.2 hp 0.0 tail 1.7)
[frame] 12 processed in 52.6 ms (acq 6.7 fbmean 13.52 bridge 1.6 rec 2.6 gpu 215.3 | fe 0.7 fp 0.0 chain 50.2 hp 0.0 tail 1.7)
[m8b] settled (est mean|d|=0.000 < 0.500) - skip chain+present, keep last frame (#100)
[frame] 13 processed in 54.2 ms (acq 12.8 fbmean 13.90 bridge 1.7 rec 1.4 gpu 230.9 | fe 0.7 fp 0.0 chain 51.8 hp 0.0 tail 1.7)
[frame] 14 processed in 55.2 ms (acq 9.4 fbmean 14.06 bridge 1.8 rec 1.3 gpu 226.3 | fe 0.6 fp 0.0 chain 52.9 hp 0.0 tail 1.7)
[frame] 15 processed in 55.1 ms (acq 7.9 fbmean 14.32 bridge 1.9 rec 1.2 gpu 232.8 | fe 0.9 fp 0.0 chain 52.5 hp 0.0 tail 1.7)
[frame] 16 processed in 54.2 ms (acq 7.8 fbmean 14.65 bridge 1.8 rec 1.3 gpu 225.4 | fe 0.6 fp 0.0 chain 51.9 hp 0.0 tail 1.7)
[frame] 17 processed in 54.1 ms (acq 8.7 fbmean 14.85 bridge 1.8 rec 1.4 gpu 224.4 | fe 0.7 fp 0.0 chain 51.7 hp 0.0 tail 1.7)
[frame] 18 processed in 54.2 ms (acq 8.7 fbmean 15.16 bridge 1.8 rec 1.3 gpu 224.6 | fe 0.6 fp 0.0 chain 51.9 hp 0.0 tail 1.7)
[frame] 19 processed in 55.4 ms (acq 8.8 fbmean 15.51 bridge 2.2 rec 1.6 gpu 237.2 | fe 0.7 fp 0.0 chain 53.0 hp 0.0 tail 1.7)
[frame] 20 processed in 54.3 ms (acq 8.0 fbmean 15.88 bridge 2.0 rec 1.3 gpu 225.4 | fe 0.6 fp 0.0 chain 52.0 hp 0.0 tail 1.7)
[frame] 21 processed in 54.1 ms (acq 8.2 fbmean 16.17 bridge 1.9 rec 1.3 gpu 225.1 | fe 0.6 fp 0.0 chain 51.7 hp 0.0 tail 1.7)
[frame] 22 processed in 55.0 ms (acq 8.4 fbmean 16.44 bridge 2.0 rec 1.3 gpu 228.2 | fe 0.6 fp 0.0 chain 52.6 hp 0.0 tail 1.7)
[frame] 23 processed in 58.6 ms (acq 7.9 fbmean 16.77 bridge 2.0 rec 1.8 gpu 235.6 | fe 0.7 fp 0.0 chain 56.2 hp 0.0 tail 1.7)
[frame] 24 processed in 54.2 ms (acq 8.3 fbmean 17.07 bridge 2.4 rec 1.4 gpu 227.5 | fe 0.7 fp 0.0 chain 51.8 hp 0.0 tail 1.7)
[frame] 25 processed in 54.0 ms (acq 8.2 fbmean 17.31 bridge 1.8 rec 1.6 gpu 225.1 | fe 0.6 fp 0.0 chain 51.7 hp 0.0 tail 1.7)
[frame] 26 processed in 55.1 ms (acq 7.9 fbmean 17.60 bridge 1.9 rec 1.4 gpu 228.0 | fe 0.7 fp 0.0 chain 51.6 hp 0.0 tail 2.7)
[frame] 27 processed in 60.6 ms (acq 8.5 fbmean 17.94 bridge 2.3 rec 1.3 gpu 233.1 | fe 0.9 fp 0.0 chain 57.6 hp 0.0 tail 2.1)
[frame] 28 processed in 54.1 ms (acq 7.8 fbmean 18.24 bridge 2.0 rec 1.4 gpu 226.7 | fe 0.7 fp 0.0 chain 51.7 hp 0.0 tail 1.7)
[frame] 29 processed in 55.2 ms (acq 8.3 fbmean 18.43 bridge 1.9 rec 1.6 gpu 225.9 | fe 0.6 fp 0.0 chain 52.0 hp 0.0 tail 2.6)
[frame] 30 processed in 54.7 ms (acq 10.5 fbmean 18.78 bridge 1.5 rec 1.5 gpu 226.4 | fe 1.4 fp 0.0 chain 51.5 hp 0.0 tail 1.7)
[metrics] frame 30 region 2560x1440: mean|final-native| B=0.77833 G=0.48629 R=2.30743 (must be > 0)
[metrics] frame 30 SIGNED delta mean B=-0.7604 G=-0.4834 R=1.8820 (0-255; |mean|<=0.5 => no color drift; high-pass target)
[metrics] structure: mean |grad(delta)| B=0.32534 G=0.17583 R=0.35505 (> 0); changed 36.03% => PASS
[frame] 31 processed in 55.5 ms (acq 8.0 fbmean 16.11 bridge 1.9 rec 1.3 gpu 231.2 | fe 0.7 fp 0.0 chain 51.7 hp 0.0 tail 3.1)
[frame] 32 processed in 54.2 ms (acq 6.9 fbmean 14.93 bridge 1.7 rec 1.4 gpu 225.0 | fe 0.6 fp 0.0 chain 51.9 hp 0.0 tail 1.7)
[frame] 33 processed in 54.7 ms (acq 34.0 fbmean 15.04 bridge 2.2 rec 1.7 gpu 227.9 | fe 1.3 fp 0.0 chain 51.6 hp 0.0 tail 1.7)
[frame] 34 processed in 55.0 ms (acq 8.2 fbmean 15.31 bridge 1.8 rec 1.3 gpu 224.5 | fe 0.9 fp 0.0 chain 52.3 hp 0.0 tail 1.7)
[frame] 35 processed in 57.6 ms (acq 8.5 fbmean 15.42 bridge 1.8 rec 1.4 gpu 227.5 | fe 0.9 fp 0.0 chain 55.0 hp 0.0 tail 1.7)
[frame] 36 processed in 54.1 ms (acq 7.8 fbmean 15.73 bridge 1.9 rec 1.3 gpu 227.1 | fe 0.7 fp 0.0 chain 51.6 hp 0.0 tail 1.7)
[frame] 37 processed in 54.0 ms (acq 8.0 fbmean 16.05 bridge 1.9 rec 1.3 gpu 225.1 | fe 0.6 fp 0.0 chain 51.6 hp 0.0 tail 1.7)
[frame] 38 processed in 54.9 ms (acq 7.9 fbmean 16.36 bridge 2.1 rec 1.3 gpu 228.1 | fe 0.7 fp 0.0 chain 52.5 hp 0.0 tail 1.7)
[frame] 39 processed in 54.7 ms (acq 8.2 fbmean 16.83 bridge 1.8 rec 1.4 gpu 225.2 | fe 0.7 fp 0.0 chain 52.3 hp 0.0 tail 1.7)
[frame] 40 processed in 54.6 ms (acq 7.0 fbmean 17.13 bridge 1.3 rec 1.3 gpu 231.1 | fe 1.3 fp 0.0 chain 51.5 hp 0.0 tail 1.7)
[frame] 41 processed in 54.1 ms (acq 8.2 fbmean 17.45 bridge 1.8 rec 1.4 gpu 223.7 | fe 0.6 fp 0.0 chain 51.8 hp 0.0 tail 1.7)
[frame] 42 processed in 54.3 ms (acq 8.5 fbmean 17.72 bridge 1.7 rec 1.3 gpu 224.9 | fe 0.7 fp 0.0 chain 51.9 hp 0.0 tail 1.7)
[frame] 43 processed in 54.0 ms (acq 8.2 fbmean 18.09 bridge 1.9 rec 1.8 gpu 227.3 | fe 0.6 fp 0.0 chain 51.6 hp 0.0 tail 1.7)
[frame] 44 processed in 55.8 ms (acq 6.8 fbmean 18.38 bridge 1.4 rec 1.3 gpu 236.0 | fe 0.7 fp 0.0 chain 53.4 hp 0.0 tail 1.7)
[frame] 45 processed in 54.1 ms (acq 8.1 fbmean 18.72 bridge 2.1 rec 1.4 gpu 225.0 | fe 0.9 fp 0.0 chain 51.6 hp 0.0 tail 1.7)
[frame] 46 processed in 54.4 ms (acq 7.1 fbmean 19.01 bridge 1.2 rec 1.2 gpu 225.0 | fe 0.6 fp 0.0 chain 52.1 hp 0.0 tail 1.7)
[frame] 47 processed in 54.2 ms (acq 8.0 fbmean 19.37 bridge 1.9 rec 1.3 gpu 224.0 | fe 0.6 fp 0.0 chain 51.9 hp 0.0 tail 1.7)
[frame] 48 processed in 55.9 ms (acq 8.0 fbmean 19.63 bridge 1.8 rec 1.4 gpu 230.0 | fe 0.8 fp 0.0 chain 53.4 hp 0.0 tail 1.7)
[frame] 49 processed in 55.5 ms (acq 8.6 fbmean 19.93 bridge 2.4 rec 1.8 gpu 229.5 | fe 1.4 fp 0.0 chain 51.5 hp 0.0 tail 2.5)
[frame] 50 processed in 54.6 ms (acq 8.3 fbmean 20.26 bridge 1.9 rec 1.4 gpu 224.1 | fe 0.6 fp 0.0 chain 52.4 hp 0.0 tail 1.7)
[frame] 51 processed in 54.3 ms (acq 7.9 fbmean 20.65 bridge 2.0 rec 1.3 gpu 225.4 | fe 0.9 fp 0.0 chain 51.8 hp 0.0 tail 1.7)
[frame] 52 processed in 61.4 ms (acq 7.7 fbmean 20.97 bridge 2.1 rec 1.3 gpu 231.8 | fe 0.7 fp 0.0 chain 59.1 hp 0.0 tail 1.7)
[frame] 53 processed in 54.5 ms (acq 8.1 fbmean 21.27 bridge 2.2 rec 2.1 gpu 228.9 | fe 0.7 fp 0.0 chain 51.0 hp 0.0 tail 2.8)
[frame] 54 processed in 54.7 ms (acq 7.6 fbmean 21.47 bridge 1.9 rec 1.5 gpu 224.1 | fe 0.9 fp 0.0 chain 52.1 hp 0.0 tail 1.7)
[frame] 55 processed in 54.5 ms (acq 7.3 fbmean 21.60 bridge 1.4 rec 1.4 gpu 226.4 | fe 1.0 fp 0.0 chain 51.9 hp 0.0 tail 1.7)
[frame] 56 processed in 53.1 ms (acq 8.1 fbmean 21.72 bridge 1.8 rec 1.3 gpu 222.9 | fe 0.6 fp 0.0 chain 50.8 hp 0.0 tail 1.7)
[frame] 57 processed in 52.0 ms (acq 8.2 fbmean 21.70 bridge 2.1 rec 1.5 gpu 226.5 | fe 0.7 fp 0.0 chain 49.6 hp 0.0 tail 1.7)
[frame] 58 processed in 54.3 ms (acq 9.2 fbmean 21.72 bridge 1.7 rec 1.5 gpu 223.2 | fe 0.6 fp 0.0 chain 52.1 hp 0.0 tail 1.7)
[frame] 59 processed in 54.1 ms (acq 8.1 fbmean 21.75 bridge 2.0 rec 1.4 gpu 227.5 | fe 0.6 fp 0.0 chain 51.8 hp 0.0 tail 1.7)
[m8b] frame 59 | rolling 2.0 fps | dropped 103 | fresh

=== M8B-LIVE summary ===
frames: 60, wall: 29.10 s, avg fps: 2.06, last rolling fps: 2.0
dropped (DDA timeout/black/access-lost): 103
feedback-cancellation: 60 processed frames, 184 settled skips, last mean|corrected delta| = 21.750/255 (clamp +/-12)
present: FIFO, format 44, path blit.comp STORAGE
chain: full 71-block DLSSNR graph @ 288 tokens (real weights, resident)
verify frames {10,30,60}: ALL PASS
=== M8B-LIVE result: PASS ===
exit code: 0 (ended 20.09.2026 22:36:36,37) 
